This is pdfTeX, Version 3.141592653-2.6-1.40.29 (TeX Live 2026/Arch Linux) (preloaded format=pdflatex 2026.5.3)  1 AUG 2026 21:36
entering extended mode
 restricted \write18 enabled.
 file:line:error style messages enabled.
 %&-line parsing enabled.
**main.tex
(./main.tex
LaTeX2e <2025-11-01>
L3 programming layer <2026-01-19>
(/usr/share/texmf-dist/tex/latex/base/article.cls
Document Class: article 2025/01/22 v1.4n Standard LaTeX document class
(/usr/share/texmf-dist/tex/latex/base/size10.clo
File: size10.clo 2025/01/22 v1.4n Standard LaTeX file (size option)
)
\c@part=\count275
\c@section=\count276
\c@subsection=\count277
\c@subsubsection=\count278
\c@paragraph=\count279
\c@subparagraph=\count280
\c@figure=\count281
\c@table=\count282
\abovecaptionskip=\skip49
\belowcaptionskip=\skip50
\bibindent=\dimen148
) (/usr/share/texmf-dist/tex/latex/cancel/cancel.sty
Package: cancel 2013/04/12 v2.2 Cancel math terms
) (/usr/share/texmf-dist/tex/latex/xfrac/xfrac.sty (/usr/share/texmf-dist/tex/latex/amsmath/amstext.sty
Package: amstext 2024/11/17 v2.01 AMS text
 (/usr/share/texmf-dist/tex/latex/amsmath/amsgen.sty
File: amsgen.sty 1999/11/30 v2.0 generic functions
\@emptytoks=\toks17
\ex@=\dimen149
)) (/usr/share/texmf-dist/tex/latex/graphics/graphicx.sty
Package: graphicx 2024/12/31 v1.2e Enhanced LaTeX Graphics (DPC,SPQR)
 (/usr/share/texmf-dist/tex/latex/graphics/keyval.sty
Package: keyval 2022/05/29 v1.15 key=value parser (DPC)
\KV@toks@=\toks18
) (/usr/share/texmf-dist/tex/latex/graphics/graphics.sty
Package: graphics 2024/08/06 v1.4g Standard LaTeX Graphics (DPC,SPQR)
 (/usr/share/texmf-dist/tex/latex/graphics/trig.sty
Package: trig 2023/12/02 v1.11 sin cos tan (DPC)
) (/usr/share/texmf-dist/tex/latex/graphics-cfg/graphics.cfg
File: graphics.cfg 2016/06/04 v1.11 sample graphics configuration
)
Package graphics Info: Driver file: pdftex.def on input line 106.
 (/usr/share/texmf-dist/tex/latex/graphics-def/pdftex.def
File: pdftex.def 2025/09/29 v1.2d Graphics/color driver for pdftex
))
\Gin@req@height=\dimen150
\Gin@req@width=\dimen151
)
Package: xfrac 2024-06-04 Split-level fractions
\l__xfrac_slash_box=\box53
\l__xfrac_tmp_box=\box54
\l__xfrac_denominator_bot_sep_dim=\dimen152
\l__xfrac_numerator_bot_sep_dim=\dimen153
\l__xfrac_numerator_top_sep_dim=\dimen154
\l__xfrac_slash_left_sep_dim=\dimen155
\l__xfrac_slash_right_sep_dim=\dimen156
\l__xfrac_slash_left_muskip=\muskip17
\l__xfrac_slash_right_muskip=\muskip18

LaTeX template Info: Declaring template type 'xfrac' taking 3 argument(s) on
(template)           line 100.


LaTeX template Info: Declaring instance 'cmr' of type xfrac on line 392.


LaTeX template Info: Declaring instance 'cmss' of type xfrac on line 392.


LaTeX template Info: Declaring instance 'cmtt' of type xfrac on line 392.

) (/usr/share/texmf-dist/tex/latex/float/float.sty
Package: float 2001/11/08 v1.3d Float enhancements (AL)
\c@float@type=\count283
\float@exts=\toks19
\float@box=\box55
\@float@everytoks=\toks20
\@floatcapt=\box56
) (/usr/share/texmf-dist/tex/latex/amsfonts/amsfonts.sty
Package: amsfonts 2013/01/14 v3.01 Basic AMSFonts support
\symAMSa=\mathgroup4
\symAMSb=\mathgroup5
LaTeX Font Info:    Redeclaring math symbol \hbar on input line 98.
LaTeX Font Info:    Overwriting math alphabet `\mathfrak' in version `bold'
(Font)                  U/euf/m/n --> U/euf/b/n on input line 106.
) (/usr/share/texmf-dist/tex/latex/amsfonts/amssymb.sty
Package: amssymb 2013/01/14 v3.01 AMS font symbols
) (/usr/share/texmf-dist/tex/latex/amsmath/amsmath.sty
Package: amsmath 2025/07/09 v2.17z AMS math features
\@mathmargin=\skip51

For additional information on amsmath, use the `?' option.
(/usr/share/texmf-dist/tex/latex/amsmath/amsbsy.sty
Package: amsbsy 1999/11/29 v1.2d Bold Symbols
\pmbraise@=\dimen157
) (/usr/share/texmf-dist/tex/latex/amsmath/amsopn.sty
Package: amsopn 2022/04/08 v2.04 operator names
)
\inf@bad=\count284
LaTeX Info: Redefining \frac on input line 233.
\uproot@=\count285
\leftroot@=\count286
LaTeX Info: Redefining \overline on input line 398.
LaTeX Info: Redefining \colon on input line 409.
\classnum@=\count287
\DOTSCASE@=\count288
LaTeX Info: Redefining \ldots on input line 495.
LaTeX Info: Redefining \dots on input line 498.
LaTeX Info: Redefining \cdots on input line 619.
\Mathstrutbox@=\box57
\strutbox@=\box58
LaTeX Info: Redefining \big on input line 721.
LaTeX Info: Redefining \Big on input line 722.
LaTeX Info: Redefining \bigg on input line 723.
LaTeX Info: Redefining \Bigg on input line 724.
\big@size=\dimen158
LaTeX Font Info:    Redeclaring font encoding OML on input line 742.
LaTeX Font Info:    Redeclaring font encoding OMS on input line 743.
\macc@depth=\count289
LaTeX Info: Redefining \bmod on input line 904.
LaTeX Info: Redefining \pmod on input line 909.
LaTeX Info: Redefining \smash on input line 939.
LaTeX Info: Redefining \relbar on input line 969.
LaTeX Info: Redefining \Relbar on input line 970.
\c@MaxMatrixCols=\count290
\dotsspace@=\muskip19
\c@parentequation=\count291
\dspbrk@lvl=\count292
\tag@help=\toks21
\row@=\count293
\column@=\count294
\maxfields@=\count295
\andhelp@=\toks22
\eqnshift@=\dimen159
\alignsep@=\dimen160
\tagshift@=\dimen161
\tagwidth@=\dimen162
\totwidth@=\dimen163
\lineht@=\dimen164
\@envbody=\toks23
\multlinegap=\skip52
\multlinetaggap=\skip53
\mathdisplay@stack=\toks24
LaTeX Info: Redefining \[ on input line 2950.
LaTeX Info: Redefining \] on input line 2951.
) (/usr/share/texmf-dist/tex/latex/base/latexsym.sty
Package: latexsym 1998/08/17 v2.2e Standard LaTeX package (lasy symbols)
\symlasy=\mathgroup6
LaTeX Font Info:    Overwriting symbol font `lasy' in version `bold'
(Font)                  U/lasy/m/n --> U/lasy/b/n on input line 52.
) (/usr/share/texmf-dist/tex/latex/amscls/amsthm.sty
Package: amsthm 2020/05/29 v2.20.6
\thm@style=\toks25
\thm@bodyfont=\toks26
\thm@headfont=\toks27
\thm@notefont=\toks28
\thm@headpunct=\toks29
\thm@preskip=\skip54
\thm@postskip=\skip55
\thm@headsep=\skip56
\dth@everypar=\toks30
) (/usr/share/texmf-dist/tex/latex/jknapltx/mathrsfs.sty
Package: mathrsfs 1996/01/01 Math RSFS package v1.0 (jk)
\symrsfs=\mathgroup7
) (/usr/share/texmf-dist/tex/latex/cases/cases.sty
Package: cases 2020/03/29 ver 3.2
\numc@numwid=\dimen165
) (/usr/share/texmf-dist/tex/latex/pgf/frontendlayer/tikz.sty (/usr/share/texmf-dist/tex/latex/pgf/basiclayer/pgf.sty (/usr/share/texmf-dist/tex/latex/pgf/utilities/pgfrcs.sty (/usr/share/texmf-dist/tex/generic/pgf/utilities/pgfutil-common.tex
\pgfutil@everybye=\toks31
\pgfutil@tempdima=\dimen166
\pgfutil@tempdimb=\dimen167
) (/usr/share/texmf-dist/tex/generic/pgf/utilities/pgfutil-latex.def
\pgfutil@abb=\box59
) (/usr/share/texmf-dist/tex/generic/pgf/utilities/pgfrcs.code.tex (/usr/share/texmf-dist/tex/generic/pgf/pgf.revision.tex)
Package: pgfrcs 2025-08-29 v3.1.11a (3.1.11a)
))
Package: pgf 2025-08-29 v3.1.11a (3.1.11a)
 (/usr/share/texmf-dist/tex/latex/pgf/basiclayer/pgfcore.sty (/usr/share/texmf-dist/tex/latex/pgf/systemlayer/pgfsys.sty (/usr/share/texmf-dist/tex/generic/pgf/systemlayer/pgfsys.code.tex
Package: pgfsys 2025-08-29 v3.1.11a (3.1.11a)
 (/usr/share/texmf-dist/tex/generic/pgf/utilities/pgfkeys.code.tex
\pgfkeys@pathtoks=\toks32
\pgfkeys@temptoks=\toks33
 (/usr/share/texmf-dist/tex/generic/pgf/utilities/pgfkeyslibraryfiltered.code.tex
\pgfkeys@tmptoks=\toks34
))
\pgf@x=\dimen168
\pgf@y=\dimen169
\pgf@xa=\dimen170
\pgf@ya=\dimen171
\pgf@xb=\dimen172
\pgf@yb=\dimen173
\pgf@xc=\dimen174
\pgf@yc=\dimen175
\pgf@xd=\dimen176
\pgf@yd=\dimen177
\w@pgf@writea=\write3
\r@pgf@reada=\read2
\c@pgf@counta=\count296
\c@pgf@countb=\count297
\c@pgf@countc=\count298
\c@pgf@countd=\count299
\t@pgf@toka=\toks35
\t@pgf@tokb=\toks36
\t@pgf@tokc=\toks37
\pgf@sys@id@count=\count300
 (/usr/share/texmf-dist/tex/generic/pgf/systemlayer/pgf.cfg
File: pgf.cfg 2025-08-29 v3.1.11a (3.1.11a)
)
Driver file for pgf: pgfsys-pdftex.def
 (/usr/share/texmf-dist/tex/generic/pgf/systemlayer/pgfsys-pdftex.def
File: pgfsys-pdftex.def 2025-08-29 v3.1.11a (3.1.11a)
 (/usr/share/texmf-dist/tex/generic/pgf/systemlayer/pgfsys-common-pdf.def
File: pgfsys-common-pdf.def 2025-08-29 v3.1.11a (3.1.11a)
))) (/usr/share/texmf-dist/tex/generic/pgf/systemlayer/pgfsyssoftpath.code.tex
File: pgfsyssoftpath.code.tex 2025-08-29 v3.1.11a (3.1.11a)
\pgfsyssoftpath@smallbuffer@items=\count301
\pgfsyssoftpath@bigbuffer@items=\count302
) (/usr/share/texmf-dist/tex/generic/pgf/systemlayer/pgfsysprotocol.code.tex
File: pgfsysprotocol.code.tex 2025-08-29 v3.1.11a (3.1.11a)
)) (/usr/share/texmf-dist/tex/latex/xcolor/xcolor.sty
Package: xcolor 2024/09/29 v3.02 LaTeX color extensions (UK)
 (/usr/share/texmf-dist/tex/latex/graphics-cfg/color.cfg
File: color.cfg 2016/01/02 v1.6 sample color configuration
)
Package xcolor Info: Driver file: pdftex.def on input line 274.
 (/usr/share/texmf-dist/tex/latex/graphics/mathcolor.ltx)
Package xcolor Info: Model `cmy' substituted by `cmy0' on input line 1349.
Package xcolor Info: Model `hsb' substituted by `rgb' on input line 1353.
Package xcolor Info: Model `RGB' extended on input line 1365.
Package xcolor Info: Model `HTML' substituted by `rgb' on input line 1367.
Package xcolor Info: Model `Hsb' substituted by `hsb' on input line 1368.
Package xcolor Info: Model `tHsb' substituted by `hsb' on input line 1369.
Package xcolor Info: Model `HSB' substituted by `hsb' on input line 1370.
Package xcolor Info: Model `Gray' substituted by `gray' on input line 1371.
Package xcolor Info: Model `wave' substituted by `hsb' on input line 1372.
) (/usr/share/texmf-dist/tex/generic/pgf/basiclayer/pgfcore.code.tex
Package: pgfcore 2025-08-29 v3.1.11a (3.1.11a)
 (/usr/share/texmf-dist/tex/generic/pgf/math/pgfmath.code.tex (/usr/share/texmf-dist/tex/generic/pgf/math/pgfmathutil.code.tex) (/usr/share/texmf-dist/tex/generic/pgf/math/pgfmathparser.code.tex
\pgfmath@dimen=\dimen178
\pgfmath@count=\count303
\pgfmath@box=\box60
\pgfmath@toks=\toks38
\pgfmath@stack@operand=\toks39
\pgfmath@stack@operation=\toks40
) (/usr/share/texmf-dist/tex/generic/pgf/math/pgfmathfunctions.code.tex)
(/usr/share/texmf-dist/tex/generic/pgf/math/pgfmathfunctions.basic.code.tex) (/usr/share/texmf-dist/tex/generic/pgf/math/pgfmathfunctions.trigonometric.code.tex) (/usr/share/texmf-dist/tex/generic/pgf/math/pgfmathfunctions.random.code.tex) (/usr/share/texmf-dist/tex/generic/pgf/math/pgfmathfunctions.comparison.code.tex) (/usr/share/texmf-dist/tex/generic/pgf/math/pgfmathfunctions.base.code.tex) (/usr/share/texmf-dist/tex/generic/pgf/math/pgfmathfunctions.round.code.tex) (/usr/share/texmf-dist/tex/generic/pgf/math/pgfmathfunctions.misc.code.tex) (/usr/share/texmf-dist/tex/generic/pgf/math/pgfmathfunctions.integerarithmetics.code.tex) (/usr/share/texmf-dist/tex/generic/pgf/math/pgfmathcalc.code.tex) (/usr/share/texmf-dist/tex/generic/pgf/math/pgfmathfloat.code.tex
\c@pgfmathroundto@lastzeros=\count304
)) (/usr/share/texmf-dist/tex/generic/pgf/math/pgfint.code.tex) (/usr/share/texmf-dist/tex/generic/pgf/basiclayer/pgfcorepoints.code.tex
File: pgfcorepoints.code.tex 2025-08-29 v3.1.11a (3.1.11a)
\pgf@picminx=\dimen179
\pgf@picmaxx=\dimen180
\pgf@picminy=\dimen181
\pgf@picmaxy=\dimen182
\pgf@pathminx=\dimen183
\pgf@pathmaxx=\dimen184
\pgf@pathminy=\dimen185
\pgf@pathmaxy=\dimen186
\pgf@xx=\dimen187
\pgf@xy=\dimen188
\pgf@yx=\dimen189
\pgf@yy=\dimen190
\pgf@zx=\dimen191
\pgf@zy=\dimen192
) (/usr/share/texmf-dist/tex/generic/pgf/basiclayer/pgfcorepathconstruct.code.tex
File: pgfcorepathconstruct.code.tex 2025-08-29 v3.1.11a (3.1.11a)
\pgf@path@lastx=\dimen193
\pgf@path@lasty=\dimen194
) (/usr/share/texmf-dist/tex/generic/pgf/basiclayer/pgfcorepathusage.code.tex
File: pgfcorepathusage.code.tex 2025-08-29 v3.1.11a (3.1.11a)
\pgf@shorten@end@additional=\dimen195
\pgf@shorten@start@additional=\dimen196
) (/usr/share/texmf-dist/tex/generic/pgf/basiclayer/pgfcorescopes.code.tex
File: pgfcorescopes.code.tex 2025-08-29 v3.1.11a (3.1.11a)
\pgfpic=\box61
\pgf@hbox=\box62
\pgf@layerbox@main=\box63
\pgf@picture@serial@count=\count305
) (/usr/share/texmf-dist/tex/generic/pgf/basiclayer/pgfcoregraphicstate.code.tex
File: pgfcoregraphicstate.code.tex 2025-08-29 v3.1.11a (3.1.11a)
\pgflinewidth=\dimen197
) (/usr/share/texmf-dist/tex/generic/pgf/basiclayer/pgfcoretransformations.code.tex
File: pgfcoretransformations.code.tex 2025-08-29 v3.1.11a (3.1.11a)
\pgf@pt@x=\dimen198
\pgf@pt@y=\dimen199
\pgf@pt@temp=\dimen256
) (/usr/share/texmf-dist/tex/generic/pgf/basiclayer/pgfcorequick.code.tex
File: pgfcorequick.code.tex 2025-08-29 v3.1.11a (3.1.11a)
) (/usr/share/texmf-dist/tex/generic/pgf/basiclayer/pgfcoreobjects.code.tex
File: pgfcoreobjects.code.tex 2025-08-29 v3.1.11a (3.1.11a)
) (/usr/share/texmf-dist/tex/generic/pgf/basiclayer/pgfcorepathprocessing.code.tex
File: pgfcorepathprocessing.code.tex 2025-08-29 v3.1.11a (3.1.11a)
) (/usr/share/texmf-dist/tex/generic/pgf/basiclayer/pgfcorearrows.code.tex
File: pgfcorearrows.code.tex 2025-08-29 v3.1.11a (3.1.11a)
\pgfarrowsep=\dimen257
) (/usr/share/texmf-dist/tex/generic/pgf/basiclayer/pgfcoreshade.code.tex
File: pgfcoreshade.code.tex 2025-08-29 v3.1.11a (3.1.11a)
\pgf@max=\dimen258
\pgf@sys@shading@range@num=\count306
\pgf@shadingcount=\count307
) (/usr/share/texmf-dist/tex/generic/pgf/basiclayer/pgfcoreimage.code.tex
File: pgfcoreimage.code.tex 2025-08-29 v3.1.11a (3.1.11a)
) (/usr/share/texmf-dist/tex/generic/pgf/basiclayer/pgfcoreexternal.code.tex
File: pgfcoreexternal.code.tex 2025-08-29 v3.1.11a (3.1.11a)
\pgfexternal@startupbox=\box64
) (/usr/share/texmf-dist/tex/generic/pgf/basiclayer/pgfcorelayers.code.tex
File: pgfcorelayers.code.tex 2025-08-29 v3.1.11a (3.1.11a)
) (/usr/share/texmf-dist/tex/generic/pgf/basiclayer/pgfcoretransparency.code.tex
File: pgfcoretransparency.code.tex 2025-08-29 v3.1.11a (3.1.11a)
)
(/usr/share/texmf-dist/tex/generic/pgf/basiclayer/pgfcorepatterns.code.tex
File: pgfcorepatterns.code.tex 2025-08-29 v3.1.11a (3.1.11a)
) (/usr/share/texmf-dist/tex/generic/pgf/basiclayer/pgfcorerdf.code.tex
File: pgfcorerdf.code.tex 2025-08-29 v3.1.11a (3.1.11a)
))) (/usr/share/texmf-dist/tex/generic/pgf/modules/pgfmoduleshapes.code.tex
File: pgfmoduleshapes.code.tex 2025-08-29 v3.1.11a (3.1.11a)
\pgfnodeparttextbox=\box65
) (/usr/share/texmf-dist/tex/generic/pgf/modules/pgfmoduleplot.code.tex
File: pgfmoduleplot.code.tex 2025-08-29 v3.1.11a (3.1.11a)
) (/usr/share/texmf-dist/tex/latex/pgf/compatibility/pgfcomp-version-0-65.sty
Package: pgfcomp-version-0-65 2025-08-29 v3.1.11a (3.1.11a)
\pgf@nodesepstart=\dimen259
\pgf@nodesepend=\dimen260
) (/usr/share/texmf-dist/tex/latex/pgf/compatibility/pgfcomp-version-1-18.sty
Package: pgfcomp-version-1-18 2025-08-29 v3.1.11a (3.1.11a)
)) (/usr/share/texmf-dist/tex/latex/pgf/utilities/pgffor.sty (/usr/share/texmf-dist/tex/latex/pgf/utilities/pgfkeys.sty (/usr/share/texmf-dist/tex/generic/pgf/utilities/pgfkeys.code.tex)) (/usr/share/texmf-dist/tex/latex/pgf/math/pgfmath.sty (/usr/share/texmf-dist/tex/generic/pgf/math/pgfmath.code.tex)) (/usr/share/texmf-dist/tex/generic/pgf/utilities/pgffor.code.tex
Package: pgffor 2025-08-29 v3.1.11a (3.1.11a)
\pgffor@iter=\dimen261
\pgffor@skip=\dimen262
\pgffor@stack=\toks41
\pgffor@toks=\toks42
)) (/usr/share/texmf-dist/tex/generic/pgf/frontendlayer/tikz/tikz.code.tex
Package: tikz 2025-08-29 v3.1.11a (3.1.11a)
 (/usr/share/texmf-dist/tex/generic/pgf/libraries/pgflibraryplothandlers.code.tex
File: pgflibraryplothandlers.code.tex 2025-08-29 v3.1.11a (3.1.11a)
\pgf@plot@mark@count=\count308
\pgfplotmarksize=\dimen263
)
\tikz@lastx=\dimen264
\tikz@lasty=\dimen265
\tikz@lastxsaved=\dimen266
\tikz@lastysaved=\dimen267
\tikz@lastmovetox=\dimen268
\tikz@lastmovetoy=\dimen269
\tikzleveldistance=\dimen270
\tikzsiblingdistance=\dimen271
\tikz@figbox=\box66
\tikz@figbox@bg=\box67
\tikz@tempbox=\box68
\tikz@tempbox@bg=\box69
\tikztreelevel=\count309
\tikznumberofchildren=\count310
\tikznumberofcurrentchild=\count311
\tikz@fig@count=\count312
 (/usr/share/texmf-dist/tex/generic/pgf/modules/pgfmodulematrix.code.tex
File: pgfmodulematrix.code.tex 2025-08-29 v3.1.11a (3.1.11a)
\pgfmatrixcurrentrow=\count313
\pgfmatrixcurrentcolumn=\count314
\pgf@matrix@numberofcolumns=\count315
)
\tikz@expandcount=\count316
 (/usr/share/texmf-dist/tex/generic/pgf/frontendlayer/tikz/libraries/tikzlibrarytopaths.code.tex
File: tikzlibrarytopaths.code.tex 2025-08-29 v3.1.11a (3.1.11a)
))) (/usr/share/texmf-dist/tex/generic/pgf/frontendlayer/tikz/libraries/tikzlibraryarrows.code.tex
File: tikzlibraryarrows.code.tex 2025-08-29 v3.1.11a (3.1.11a)
 (/usr/share/texmf-dist/tex/generic/pgf/libraries/pgflibraryarrows.code.tex
File: pgflibraryarrows.code.tex 2025-08-29 v3.1.11a (3.1.11a)
\arrowsize=\dimen272
)) (/usr/share/texmf-dist/tex/generic/pgf/frontendlayer/tikz/libraries/tikzlibraryautomata.code.tex
File: tikzlibraryautomata.code.tex 2025-08-29 v3.1.11a (3.1.11a)
 (/usr/share/texmf-dist/tex/generic/pgf/frontendlayer/tikz/libraries/tikzlibraryshapes.multipart.code.tex
File: tikzlibraryshapes.multipart.code.tex 2025-08-29 v3.1.11a (3.1.11a)
 (/usr/share/texmf-dist/tex/generic/pgf/libraries/shapes/pgflibraryshapes.multipart.code.tex
File: pgflibraryshapes.multipart.code.tex 2025-08-29 v3.1.11a (3.1.11a)
\pgfnodepartlowerbox=\box70
\pgfnodeparttwobox=\box71
\pgfnodepartthreebox=\box72
\pgfnodepartfourbox=\box73
\pgfnodeparttwentybox=\box74
\pgfnodepartnineteenbox=\box75
\pgfnodeparteighteenbox=\box76
\pgfnodepartseventeenbox=\box77
\pgfnodepartsixteenbox=\box78
\pgfnodepartfifteenbox=\box79
\pgfnodepartfourteenbox=\box80
\pgfnodepartthirteenbox=\box81
\pgfnodeparttwelvebox=\box82
\pgfnodepartelevenbox=\box83
\pgfnodeparttenbox=\box84
\pgfnodepartninebox=\box85
\pgfnodeparteightbox=\box86
\pgfnodepartsevenbox=\box87
\pgfnodepartsixbox=\box88
\pgfnodepartfivebox=\box89
))) (/usr/share/texmf-dist/tex/generic/pgf/frontendlayer/tikz/libraries/tikzlibrarypositioning.code.tex
File: tikzlibrarypositioning.code.tex 2025-08-29 v3.1.11a (3.1.11a)
) (/usr/share/texmf-dist/tex/latex/geometry/geometry.sty
Package: geometry 2020/01/02 v5.9 Page Geometry
 (/usr/share/texmf-dist/tex/generic/iftex/ifvtex.sty
Package: ifvtex 2019/10/25 v1.7 ifvtex legacy package. Use iftex instead.
 (/usr/share/texmf-dist/tex/generic/iftex/iftex.sty
Package: iftex 2024/12/12 v1.0g TeX engine tests
))
\Gm@cnth=\count317
\Gm@cntv=\count318
\c@Gm@tempcnt=\count319
\Gm@bindingoffset=\dimen273
\Gm@wd@mp=\dimen274
\Gm@odd@mp=\dimen275
\Gm@even@mp=\dimen276
\Gm@layoutwidth=\dimen277
\Gm@layoutheight=\dimen278
\Gm@layouthoffset=\dimen279
\Gm@layoutvoffset=\dimen280
\Gm@dimlist=\toks43
) (/usr/share/texmf-dist/tex/latex/arydshln/arydshln.sty
Package: arydshln 2019/02/21 v1.76 
\dashlinedash=\dimen281
\dashlinegap=\dimen282
\adl@box=\box90
\adl@height=\dimen283
\adl@heightsave=\dimen284
\adl@depth=\dimen285
\adl@depthsave=\dimen286
\adl@finaldepth=\dimen287
\adl@columns=\count320
\adl@ncol=\count321
\adl@currentcolumn=\count322
\adl@currentcolumnsave=\count323
\adl@totalheight=\count324
\adl@totalheightsave=\count325
\adl@dash=\count326
\adl@gap=\count327
\adl@cla=\count328
\adl@clb=\count329
\adl@everyvbox=\toks44
\adl@LTpagetotal=\dimen288
)
==> First Aid for arydshln.sty applied!
(/usr/share/texmf-dist/tex/latex/etoolbox/etoolbox.sty
Package: etoolbox 2025/10/02 v2.5m e-TeX tools for LaTeX (JAW)
\etb@tempcnta=\count330
) (/usr/share/texmf-dist/tex/latex/listings/listings.sty
\lst@mode=\count331
\lst@gtempboxa=\box91
\lst@token=\toks45
\lst@length=\count332
\lst@currlwidth=\dimen289
\lst@column=\count333
\lst@pos=\count334
\lst@lostspace=\dimen290
\lst@width=\dimen291
\lst@newlines=\count335
\lst@lineno=\count336
\lst@maxwidth=\dimen292
 (/usr/share/texmf-dist/tex/latex/listings/lstpatch.sty
File: lstpatch.sty 2025/11/14 1.11b (Carsten Heinz)
) (/usr/share/texmf-dist/tex/latex/listings/lstmisc.sty
File: lstmisc.sty 2025/11/14 1.11b (Carsten Heinz)
\c@lstnumber=\count337
\lst@skipnumbers=\count338
\lst@framebox=\box92
) (/usr/share/texmf-dist/tex/latex/listings/listings.cfg
File: listings.cfg 2025/11/14 1.11b listings configuration
))
Package: listings 2025/11/14 1.11b (Carsten Heinz)

==> First Aid for listings.sty no longer applied!
    Expected:
        2024/09/23 1.10c (Carsten Heinz)
    but found:
        2025/11/14 1.11b (Carsten Heinz)
    so I'm assuming it got fixed.
(/usr/share/texmf-dist/tex/latex/microtype/microtype.sty
Package: microtype 2026/03/01 v3.2d Micro-typographical refinements (RS)
\MT@toks=\toks46
\MT@tempbox=\box93
\MT@count=\count339
LaTeX Info: Redefining \noprotrusionifhmode on input line 1084.
LaTeX Info: Redefining \leftprotrusion on input line 1085.
\MT@prot@toks=\toks47
LaTeX Info: Redefining \rightprotrusion on input line 1104.
LaTeX Info: Redefining \textls on input line 1449.
\MT@outer@kern=\dimen293
LaTeX Info: Redefining \microtypecontext on input line 2053.
LaTeX Info: Redefining \textmicrotypecontext on input line 2070.
\MT@listname@count=\count340
 (/usr/share/texmf-dist/tex/latex/microtype/microtype-pdftex.def
File: microtype-pdftex.def 2026/03/01 v3.2d Definitions specific to pdftex (RS)
LaTeX Info: Redefining \lsstyle on input line 944.
LaTeX Info: Redefining \lslig on input line 944.
\MT@outer@space=\skip57
)
Package microtype Info: Loading configuration file microtype.cfg.
 (/usr/share/texmf-dist/tex/latex/microtype/microtype.cfg
File: microtype.cfg 2026/03/01 v3.2d microtype main configuration file (RS)
)
LaTeX Info: Redefining \microtypesetup on input line 3065.
) (/usr/share/texmf-dist/tex/latex/tools/enumerate.sty
Package: enumerate 2023/07/04 v3.00 enumerate extensions (DPC)
\@enLab=\toks48
) (/usr/share/texmf-dist/tex/latex/enumitem/enumitem.sty
Package: enumitem 2025/02/06 v3.11 Customized lists
\labelindent=\skip58
\enit@outerparindent=\dimen294
\enit@toks=\toks49
\enit@inbox=\box94
\enit@count@id=\count341
\enitdp@description=\count342
) (/usr/share/texmf-dist/tex/latex/mathtools/empheq.sty
Package: empheq 2024/08/09 v2.17 Emphasizing equations
 (/usr/share/texmf-dist/tex/latex/mathtools/mhsetup.sty
Package: mhsetup 2021/03/18 v1.4 programming setup (MH)
) (/usr/share/texmf-dist/tex/latex/mathtools/mathtools.sty
Package: mathtools 2024/10/04 v1.31 mathematical typesetting tools
 (/usr/share/texmf-dist/tex/latex/tools/calc.sty
Package: calc 2025/03/01 v4.3b Infix arithmetic (KKT,FJ)
\calc@Acount=\count343
\calc@Bcount=\count344
\calc@Adimen=\dimen295
\calc@Bdimen=\dimen296
\calc@Askip=\skip59
\calc@Bskip=\skip60
LaTeX Info: Redefining \setlength on input line 86.
LaTeX Info: Redefining \addtolength on input line 87.
\calc@Ccount=\count345
\calc@Cskip=\skip61
)
\g_MT_multlinerow_int=\count346
\l_MT_multwidth_dim=\dimen297
\origjot=\skip62
\l_MT_shortvdotswithinadjustabove_dim=\dimen298
\l_MT_shortvdotswithinadjustbelow_dim=\dimen299
\l_MT_above_intertext_sep=\dimen300
\l_MT_below_intertext_sep=\dimen301
\l_MT_above_shortintertext_sep=\dimen302
\l_MT_below_shortintertext_sep=\dimen303
\xmathstrut@box=\box95
\xmathstrut@dim=\dimen304
)
\l_EQ_equationtype_int=\count347
\l_EQ_alignmentmode_int=\count348
\l_EQ_totalwidth_dim=\dimen305
\l_EQ_displaywidth_dim=\dimen306
\l_EQ_temp_linewidth_dim=\dimen307
\l_EQ_linewidth_dim=\dimen308
\EmphEqdelimitershortfall=\dimen309
\EmphEqdelimiterfactor=\count349
\g_EQ_toptag_height_dim=\dimen310
\g_EQ_bottomtag_depth_dim=\dimen311
\g_EQ_toprow_height_dim=\dimen312
\g_EQ_bottomrow_depth_dim=\dimen313
\g_EQ_widesttag_dim=\dimen314
\EQ_mathdisplay_box=\box96
\EQ_tag_box=\box97
\g_EQ_temprow_int=\count350
) (/usr/share/texmf-dist/tex/latex/titlesec/titlesec.sty
Package: titlesec 2025/01/04 v2.17 Sectioning titles
\ttl@box=\box98
\beforetitleunit=\skip63
\aftertitleunit=\skip64
\ttl@plus=\dimen315
\ttl@minus=\dimen316
\ttl@toksa=\toks50
\titlewidth=\dimen317
\titlewidthlast=\dimen318
\titlewidthfirst=\dimen319
) (/usr/share/texmf-dist/tex/latex/caption/subcaption.sty
Package: subcaption 2023/07/28 v1.6b Sub-captions (AR)
 (/usr/share/texmf-dist/tex/latex/caption/caption.sty
Package: caption 2023/08/05 v3.6o Customizing captions (AR)
 (/usr/share/texmf-dist/tex/latex/caption/caption3.sty
Package: caption3 2023/07/31 v2.4d caption3 kernel (AR)
\caption@tempdima=\dimen320
\captionmargin=\dimen321
\caption@leftmargin=\dimen322
\caption@rightmargin=\dimen323
\caption@width=\dimen324
\caption@indent=\dimen325
\caption@parindent=\dimen326
\caption@hangindent=\dimen327
Package caption Info: Standard document class detected.
)
\c@caption@flags=\count351
\c@continuedfloat=\count352
Package caption Info: float package is loaded.
Package caption Info: listings package is loaded.
)
Package caption Info: New subtype `subfigure' on input line 238.
\c@subfigure=\count353
Package caption Info: New subtype `subtable' on input line 238.
\c@subtable=\count354
) (/usr/share/texmf-dist/tex/latex/pdfpages/pdfpages.sty
Package: pdfpages 2025/07/23 v0.6g Insert pages of external PDF documents (AM)
 (/usr/share/texmf-dist/tex/latex/base/ifthen.sty
Package: ifthen 2024/03/16 v1.1e Standard LaTeX ifthen package (DPC)
) (/usr/share/texmf-dist/tex/latex/eso-pic/eso-pic.sty
Package: eso-pic 2025/12/10 v3.0d eso-pic (RN)
\ESO@tempdima=\dimen328
\ESO@tempdimb=\dimen329
)
\AM@pagewidth=\dimen330
\AM@pageheight=\dimen331
\AM@fboxrule=\dimen332
 (/usr/share/texmf-dist/tex/latex/pdfpages/pppdftex.def
File: pppdftex.def 2025/07/23 v0.6g Pdfpages driver for pdfTeX (AM)
)
\pdfpages@includegraphics@status=\count355
\AM@pagebox=\box99
\AM@global@opts=\toks51
\AM@pagecnt=\count356
\AM@toc@title=\toks52
\AM@lof@heading=\toks53
\c@AM@survey=\count357
\AM@templatesizebox=\box100
) (/usr/share/texmf-dist/tex/latex/tcolorbox/tcolorbox.sty
Package: tcolorbox 2025/11/28 version 6.9.0 text color boxes
 (/usr/share/texmf-dist/tex/latex/tools/verbatim.sty
Package: verbatim 2024-01-22 v1.5x LaTeX2e package for verbatim enhancements
\every@verbatim=\toks54
\verbatim@line=\toks55
\verbatim@in@stream=\read3
) (/usr/share/texmf-dist/tex/latex/environ/environ.sty
Package: environ 2014/05/04 v0.3 A new way to define environments
 (/usr/share/texmf-dist/tex/latex/trimspaces/trimspaces.sty
Package: trimspaces 2009/09/17 v1.1 Trim spaces around a token list
))
\tcb@titlebox=\box101
\tcb@upperbox=\box102
\tcb@lowerbox=\box103
\tcb@phantombox=\box104
\c@tcbbreakpart=\count358
\c@tcblayer=\count359
\c@tcolorbox@number=\count360
\l__tcobox_tmpa_box=\box105
\l__tcobox_tmpa_dim=\dimen333
\tcb@temp=\box106
\tcb@temp=\box107
\tcb@temp=\box108
\tcb@temp=\box109
 (/usr/share/texmf-dist/tex/latex/tcolorbox/tcbraster.code.tex
Library (tcolorbox): 'tcbraster.code.tex' version '6.9.0'
\c@tcbrastercolumn=\count361
\c@tcbrasterrow=\count362
\c@tcbrasternum=\count363
\c@tcbraster=\count364
) (/usr/share/texmf-dist/tex/latex/tcolorbox/tcbskins.code.tex
Library (tcolorbox): 'tcbskins.code.tex' version '6.9.0'
(/usr/share/texmf-dist/tex/latex/tikzfill/tikzfill.image.sty
Package: tikzfill.image 2023/08/08 v1.0.1 Image filling library for TikZ
 (/usr/share/texmf-dist/tex/latex/tikzfill/tikzfill-common.sty
Package: tikzfill-common 2023/08/08 v1.0.1 Auxiliary code for tikzfill
) (/usr/share/texmf-dist/tex/latex/tikzfill/tikzlibraryfill.image.code.tex
File: tikzlibraryfill.image.code.tex 2023/08/08 v1.0.1 Image filling library
\l__tikzfill_img_box=\box110
)) (/usr/share/texmf-dist/tex/latex/tcolorbox/tcbskinsjigsaw.code.tex
Library (tcolorbox): 'tcbskinsjigsaw.code.tex' version '6.9.0'
)) (/usr/share/texmf-dist/tex/latex/tcolorbox/tcbbreakable.code.tex
Library (tcolorbox): 'tcbbreakable.code.tex' version '6.9.0'
(/usr/share/texmf-dist/tex/latex/pdfcol/pdfcol.sty
Package: pdfcol 2022-09-21 v1.7 Handle new color stacks for pdfTeX (HO)
 (/usr/share/texmf-dist/tex/generic/ltxcmds/ltxcmds.sty
Package: ltxcmds 2023-12-04 v1.26 LaTeX kernel commands for general use (HO)
) (/usr/share/texmf-dist/tex/generic/infwarerr/infwarerr.sty
Package: infwarerr 2019/12/03 v1.5 Providing info/warning/error messages (HO)
))
Package pdfcol Info: New color stack `tcb@breakable' = 1 on input line 23.
\tcb@testbox=\box111
\tcb@totalupperbox=\box112
\tcb@totallowerbox=\box113
) (/usr/share/texmf-dist/tex/latex/tcolorbox/tcbhooks.code.tex
Library (tcolorbox): 'tcbhooks.code.tex' version '6.9.0'
) (/usr/share/texmf-dist/tex/latex/tcolorbox/tcbtheorems.code.tex
Library (tcolorbox): 'tcbtheorems.code.tex' version '6.9.0'
) (/usr/share/texmf-dist/tex/latex/tcolorbox/tcbfitting.code.tex
Library (tcolorbox): 'tcbfitting.code.tex' version '6.9.0'
\tcbfitdim=\dimen334
\tcb@lowerfitdim=\dimen335
\tcb@upperfitdim=\dimen336
\tcb@cur@hbadness=\count365
) (/usr/share/texmf-dist/tex/latex/tcolorbox/tcblistingsutf8.code.tex
Library (tcolorbox): 'tcblistingsutf8.code.tex' version '6.9.0'
(/usr/share/texmf-dist/tex/latex/tcolorbox/tcblistings.code.tex
Library (tcolorbox): 'tcblistings.code.tex' version '6.9.0'
(/usr/share/texmf-dist/tex/latex/tcolorbox/tcblistingscore.code.tex
Library (tcolorbox): 'tcblistingscore.code.tex' version '6.9.0'
(/usr/share/texmf-dist/tex/latex/tcolorbox/tcbprocessing.code.tex
Library (tcolorbox): 'tcbprocessing.code.tex' version '6.9.0'
)
\c@tcblisting=\count366
)) (/usr/share/texmf-dist/tex/latex/listingsutf8/listingsutf8.sty
Package: listingsutf8 2019-12-10 v1.5 Allow UTF-8 in listings input (HO)
 (/usr/share/texmf-dist/tex/generic/pdftexcmds/pdftexcmds.sty
Package: pdftexcmds 2020-06-27 v0.33 Utility functions of pdfTeX for LuaTeX (HO)
Package pdftexcmds Info: \pdf@primitive is available.
Package pdftexcmds Info: \pdf@ifprimitive is available.
Package pdftexcmds Info: \pdfdraftmode found.
) (/usr/share/texmf-dist/tex/generic/stringenc/stringenc.sty
Package: stringenc 2019/11/29 v1.12 Convert strings between diff. encodings (HO)
 (/usr/share/texmf-dist/tex/generic/pdfescape/pdfescape.sty
Package: pdfescape 2019/12/09 v1.15 Implements pdfTeX's escape features (HO)
)))) (/usr/share/texmf-dist/tex/latex/tcolorbox/tcbexternal.code.tex
Library (tcolorbox): 'tcbexternal.code.tex' version '6.9.0'
) (/usr/share/texmf-dist/tex/latex/tcolorbox/tcbmagazine.code.tex
Library (tcolorbox): 'tcbmagazine.code.tex' version '6.9.0'
) (/usr/share/texmf-dist/tex/latex/tcolorbox/tcbvignette.code.tex
Library (tcolorbox): 'tcbvignette.code.tex' version '6.9.0'
(/usr/share/texmf-dist/tex/generic/pgf/frontendlayer/tikz/libraries/tikzlibraryfadings.code.tex
File: tikzlibraryfadings.code.tex 2025-08-29 v3.1.11a (3.1.11a)
 (/usr/share/texmf-dist/tex/generic/pgf/libraries/pgflibraryfadings.code.tex
File: pgflibraryfadings.code.tex 2025-08-29 v3.1.11a (3.1.11a)
))) (/usr/share/texmf-dist/tex/latex/tcolorbox/tcbposter.code.tex
Library (tcolorbox): 'tcbposter.code.tex' version '6.9.0'
)) (/usr/share/texmf-dist/tex/latex/titlepic/titlepic.sty
Package: titlepic 2017/03/14 1.2 Package to display a picture on the title page
) (/usr/share/texmf-dist/tex/latex/hyperref/hyperref.sty
Package: hyperref 2026-01-29 v7.01p Hypertext links for LaTeX
 (/usr/share/texmf-dist/tex/latex/kvsetkeys/kvsetkeys.sty
Package: kvsetkeys 2022-10-05 v1.19 Key value parser (HO)
) (/usr/share/texmf-dist/tex/generic/kvdefinekeys/kvdefinekeys.sty
Package: kvdefinekeys 2019-12-19 v1.6 Define keys (HO)
) (/usr/share/texmf-dist/tex/latex/hycolor/hycolor.sty
Package: hycolor 2020-01-27 v1.10 Color options for hyperref/bookmark (HO)
) (/usr/share/texmf-dist/tex/latex/hyperref/nameref.sty
Package: nameref 2026-01-29 v2.58 Cross-referencing by name of section
 (/usr/share/texmf-dist/tex/latex/refcount/refcount.sty
Package: refcount 2019/12/15 v3.6 Data extraction from label references (HO)
) (/usr/share/texmf-dist/tex/generic/gettitlestring/gettitlestring.sty
Package: gettitlestring 2019/12/15 v1.6 Cleanup title references (HO)
 (/usr/share/texmf-dist/tex/latex/kvoptions/kvoptions.sty
Package: kvoptions 2022-06-15 v3.15 Key value format for package options (HO)
))
\c@section@level=\count367
)
\@linkdim=\dimen337
\Hy@linkcounter=\count368
\Hy@pagecounter=\count369
 (/usr/share/texmf-dist/tex/latex/hyperref/pd1enc.def
File: pd1enc.def 2026-01-29 v7.01p Hyperref: PDFDocEncoding definition (HO)
Now handling font encoding PD1 ...
... no UTF-8 mapping file for font encoding PD1
) (/usr/share/texmf-dist/tex/generic/intcalc/intcalc.sty
Package: intcalc 2019/12/15 v1.3 Expandable calculations with integers (HO)
)
\Hy@SavedSpaceFactor=\count370
 (/usr/share/texmf-dist/tex/latex/hyperref/puenc.def
File: puenc.def 2026-01-29 v7.01p Hyperref: PDF Unicode definition (HO)
Now handling font encoding PU ...
... no UTF-8 mapping file for font encoding PU
)
Package hyperref Info: Hyper figures OFF on input line 4201.
Package hyperref Info: Link nesting OFF on input line 4206.
Package hyperref Info: Hyper index ON on input line 4209.
Package hyperref Info: Plain pages OFF on input line 4216.
Package hyperref Info: Backreferencing OFF on input line 4221.
Package hyperref Info: Implicit mode ON; LaTeX internals redefined.
Package hyperref Info: Bookmarks ON on input line 4468.
\c@Hy@tempcnt=\count371
 (/usr/share/texmf-dist/tex/latex/url/url.sty
\Urlmuskip=\muskip20
Package: url 2013/09/16  ver 3.4  Verb mode for urls, etc.
)
LaTeX Info: Redefining \url on input line 4807.
\XeTeXLinkMargin=\dimen338
 (/usr/share/texmf-dist/tex/generic/bitset/bitset.sty
Package: bitset 2019/12/09 v1.3 Handle bit-vector datatype (HO)
 (/usr/share/texmf-dist/tex/generic/bigintcalc/bigintcalc.sty
Package: bigintcalc 2019/12/15 v1.5 Expandable calculations on big integers (HO)
))
\Fld@menulength=\count372
\Field@Width=\dimen339
\Fld@charsize=\dimen340
Package hyperref Info: Hyper figures OFF on input line 6084.
Package hyperref Info: Link nesting OFF on input line 6089.
Package hyperref Info: Hyper index ON on input line 6092.
Package hyperref Info: backreferencing OFF on input line 6099.
Package hyperref Info: Link coloring OFF on input line 6104.
Package hyperref Info: Link coloring with OCG OFF on input line 6109.
Package hyperref Info: PDF/A mode OFF on input line 6114.
\Hy@abspage=\count373
\c@Item=\count374
\c@Hfootnote=\count375
)
Package hyperref Info: Driver (autodetected): hpdftex.
 (/usr/share/texmf-dist/tex/latex/hyperref/hpdftex.def
File: hpdftex.def 2026-01-29 v7.01p Hyperref driver for pdfTeX
\Fld@listcount=\count376
\c@bookmark@seq@number=\count377
 (/usr/share/texmf-dist/tex/latex/rerunfilecheck/rerunfilecheck.sty
Package: rerunfilecheck 2025-06-21 v1.11 Rerun checks for auxiliary files (HO)
 (/usr/share/texmf-dist/tex/generic/uniquecounter/uniquecounter.sty
Package: uniquecounter 2019/12/15 v1.4 Provide unlimited unique counter (HO)
)
Package uniquecounter Info: New unique counter `rerunfilecheck' on input line 284.
)
\Hy@SectionHShift=\skip65
)
Package hyperref Info: Option `colorlinks' set `true' on input line 78.
Package hyperref Info: Option `breaklinks' set `true' on input line 78.
\c@homework=\count378
\c@exampractice=\count379
\c@theorem=\count380
\c@definition=\count381
\c@result=\count382
\c@remark=\count383
\c@question=\count384
\c@note=\count385
\c@exercise=\count386
 (/usr/share/texmf-dist/tex/latex/l3backend/l3backend-pdftex.def
File: l3backend-pdftex.def 2025-10-09 L3 backend support: PDF output (pdfTeX)
\l__color_backend_stack_int=\count387
) (./main.aux)
\openout1 = `main.aux'.

LaTeX Font Info:    Checking defaults for OML/cmm/m/it on input line 191.
LaTeX Font Info:    ... okay on input line 191.
LaTeX Font Info:    Checking defaults for OMS/cmsy/m/n on input line 191.
LaTeX Font Info:    ... okay on input line 191.
LaTeX Font Info:    Checking defaults for OT1/cmr/m/n on input line 191.
LaTeX Font Info:    ... okay on input line 191.
LaTeX Font Info:    Checking defaults for T1/cmr/m/n on input line 191.
LaTeX Font Info:    ... okay on input line 191.
LaTeX Font Info:    Checking defaults for TS1/cmr/m/n on input line 191.
LaTeX Font Info:    ... okay on input line 191.
LaTeX Font Info:    Checking defaults for OMX/cmex/m/n on input line 191.
LaTeX Font Info:    ... okay on input line 191.
LaTeX Font Info:    Checking defaults for U/cmr/m/n on input line 191.
LaTeX Font Info:    ... okay on input line 191.
LaTeX Font Info:    Checking defaults for PD1/pdf/m/n on input line 191.
LaTeX Font Info:    ... okay on input line 191.
LaTeX Font Info:    Checking defaults for PU/pdf/m/n on input line 191.
LaTeX Font Info:    ... okay on input line 191.
 (/usr/share/texmf-dist/tex/context/base/mkii/supp-pdf.mkii
[Loading MPS to PDF converter (version 2006.09.02).]
\scratchcounter=\count388
\scratchdimen=\dimen341
\scratchbox=\box114
\nofMPsegments=\count389
\nofMParguments=\count390
\everyMPshowfont=\toks56
\MPscratchCnt=\count391
\MPscratchDim=\dimen342
\MPnumerator=\count392
\makeMPintoPDFobject=\count393
\everyMPtoPDFconversion=\toks57
) (/usr/share/texmf-dist/tex/latex/epstopdf-pkg/epstopdf-base.sty
Package: epstopdf-base 2020-01-24 v2.11 Base part for package epstopdf
Package epstopdf-base Info: Redefining graphics rule for `.eps' on input line 485.
 (/usr/share/texmf-dist/tex/latex/latexconfig/epstopdf-sys.cfg
File: epstopdf-sys.cfg 2010/07/13 v1.3 Configuration of (r)epstopdf for TeX Live
))
*geometry* driver: auto-detecting
*geometry* detected driver: pdftex
*geometry* verbose mode - [ preamble ] result:
* driver: pdftex
* paper: <default>
* layout: <same size as paper>
* layoutoffset:(h,v)=(0.0pt,0.0pt)
* modes: 
* h-part:(L,W,R)=(72.26999pt, 469.75502pt, 72.26999pt)
* v-part:(T,H,B)=(72.26999pt, 650.43001pt, 72.26999pt)
* \paperwidth=614.295pt
* \paperheight=794.96999pt
* \textwidth=469.75502pt
* \textheight=650.43001pt
* \oddsidemargin=0.0pt
* \evensidemargin=0.0pt
* \topmargin=-37.0pt
* \headheight=12.0pt
* \headsep=25.0pt
* \topskip=10.0pt
* \footskip=30.0pt
* \marginparwidth=65.0pt
* \marginparsep=11.0pt
* \columnsep=10.0pt
* \skip\footins=9.0pt plus 4.0pt minus 2.0pt
* \hoffset=0.0pt
* \voffset=0.0pt
* \mag=1000
* \@twocolumnfalse
* \@twosidefalse
* \@mparswitchfalse
* \@reversemarginfalse
* (1in=72.27pt=25.4mm, 1cm=28.453pt)

\c@lstlisting=\count394
LaTeX Info: Redefining \microtypecontext on input line 191.
Package microtype Info: Applying patch `item' on input line 191.
Package microtype Info: Applying patch `toc' on input line 191.
Package microtype Info: Applying patch `eqnum' on input line 191.
Package microtype Info: Applying patch `verbatim' on input line 191.
LaTeX Info: Redefining \microtypesetup on input line 191.
Package microtype Info: Generating PDF output.
Package microtype Info: Character protrusion enabled (level 2).
Package microtype Info: Using default protrusion set `alltext'.
Package microtype Info: Automatic font expansion enabled (level 2),
(microtype)             stretch: 20, shrink: 20, step: 1, non-selected.
Package microtype Info: Using default expansion set `alltext-nott'.
Package microtype Info: Patching command `\showhyphens'.
Package microtype Info: No adjustment of tracking.
Package microtype Info: No adjustment of interword spacing.
Package microtype Info: No adjustment of character kerning.
(/usr/share/texmf-dist/tex/latex/microtype/mt-cmr.cfg
File: mt-cmr.cfg 2013/05/19 v2.2 microtype config. file: Computer Modern Roman (RS)
)
Package caption Info: Begin \AtBeginDocument code.
Package caption Info: hyperref package is loaded.
Package caption Info: End \AtBeginDocument code.
 (/usr/share/texmf-dist/tex/latex/pdflscape/pdflscape.sty
Package: pdflscape 2025-06-23 v0.14 Display of landscape pages in PDF
 (/usr/share/texmf-dist/tex/latex/pdflscape/pdflscape-nometadata.sty
Package: pdflscape-nometadata 2025-06-23 v0.14 Display of landscape pages in PDF (HO)
 (/usr/share/texmf-dist/tex/latex/graphics/lscape.sty
Package: lscape 2020/05/28 v3.02 Landscape Pages (DPC)
)
Package pdflscape Info: Auto-detected driver: pdftex on input line 81.
)) (/usr/share/texmf-dist/tex/latex/base/inputenc.sty
Package: inputenc 2024/02/08 v1.3d Input encoding file
\inpenc@prehook=\toks58
\inpenc@posthook=\toks59
)
Package hyperref Info: Link coloring ON on input line 191.
 (./main.out) (./main.out)
\@outlinefile=\write4
\openout4 = `main.out'.

LaTeX Font Info:    Trying to load font information for U+msa on input line 194.
 (/usr/share/texmf-dist/tex/latex/amsfonts/umsa.fd
File: umsa.fd 2013/01/14 v3.01 AMS symbols A
) (/usr/share/texmf-dist/tex/latex/microtype/mt-msa.cfg
File: mt-msa.cfg 2006/02/04 v1.1 microtype config. file: AMS symbols (a) (RS)
)
LaTeX Font Info:    Trying to load font information for U+msb on input line 194.
 (/usr/share/texmf-dist/tex/latex/amsfonts/umsb.fd
File: umsb.fd 2013/01/14 v3.01 AMS symbols B
) (/usr/share/texmf-dist/tex/latex/microtype/mt-msb.cfg
File: mt-msb.cfg 2005/06/01 v1.0 microtype config. file: AMS symbols (b) (RS)
)
LaTeX Font Info:    Trying to load font information for U+lasy on input line 194.
 (/usr/share/texmf-dist/tex/latex/base/ulasy.fd
File: ulasy.fd 1998/08/17 v2.2e LaTeX symbol font definitions
)
LaTeX Font Info:    Trying to load font information for U+rsfs on input line 194.
 (/usr/share/texmf-dist/tex/latex/jknapltx/ursfs.fd
File: ursfs.fd 1998/03/24 rsfs font definition file (jk)
)
<pictures/images.jpg, id=123, 255.95625pt x 198.7425pt>
File: pictures/images.jpg Graphic file (type jpg)
<use pictures/images.jpg>
Package pdftex.def Info: pictures/images.jpg  used on input line 194.
(pdftex.def)             Requested size: 234.8775pt x 182.37526pt.
 [1

{/var/lib/texmf/fonts/map/pdftex/updmap/pdftex.map} <./pictures/images.jpg>] (./main.toc)
\tf@toc=\write5
\openout5 = `main.toc'.


pdfTeX warning (ext4): destination with the same identifier (name{page.1}) has been already used, duplicate ignored
<to be read again> 
                   \relax 
l.215 \end{myboxr}
                   [1] [2] [3] [4] [5] [6] [7] [8] [9] [10] [11] [12] [13] [14] [15]
LaTeX Font Info:    Trying to load font information for U+euf on input line 1289.
 (/usr/share/texmf-dist/tex/latex/amsfonts/ueuf.fd
File: ueuf.fd 2013/01/14 v3.01 Euler Fraktur
) (/usr/share/texmf-dist/tex/latex/microtype/mt-euf.cfg
File: mt-euf.cfg 2006/07/03 v1.1 microtype config. file: AMS Euler Fraktur (RS)
) [16] [17] [18] [19] [20] [21] [22]
Overfull \hbox (27.07063pt too wide) in paragraph at lines 1650--1652
\OT1/cmr/m/n/10 (-20) Now we will cre-ate the char-ac-ter ta-ble for $\U/msb/m/n/10 Z[] \OMS/cmsy/m/n/10 ^^B \U/msb/m/n/10 Z[]$\OT1/cmr/m/n/10 (-20) . First we will ob-serve the group $\U/msb/m/n/10 Z[] \OMS/cmsy/m/n/10 ^^B \U/msb/m/n/10 Z[] \OT1/cmr/m/n/10 (-20) = \OMS/cmsy/m/n/10 f\OT1/cmr/m/n/10 (-20) (0\OML/cmm/m/it/10 ; \OT1/cmr/m/n/10 (-20) 0)\OML/cmm/m/it/10 ; \OT1/cmr/m/n/10 (-20) (0\OML/cmm/m/it/10 ; \OT1/cmr/m/n/10 (-20) 1)\OML/cmm/m/it/10 ; \OT1/cmr/m/n/10 (-20) (1\OML/cmm/m/it/10 ; \OT1/cmr/m/n/10 (-20) 0)\OML/cmm/m/it/10 ; \OT1/cmr/m/n/10 (-20) (1\OML/cmm/m/it/10 ; \OT1/cmr/m/n/10 (-20) 1)\OMS/cmsy/m/n/10 g$\OT1/cmr/m/n/10 (-20) .
 []

[23] [24]
<pdfs/HWK3-solutions.pdf, id=699, 614.295pt x 794.97pt>
File: pdfs/HWK3-solutions.pdf Graphic file (type pdf)
<use pdfs/HWK3-solutions.pdf>
Package pdftex.def Info: pdfs/HWK3-solutions.pdf  used on input line 1779.
(pdftex.def)             Requested size: 614.29349pt x 794.96806pt.
<pdfs/HWK3-solutions.pdf, id=701, page=1, 614.295pt x 794.97pt>
File: pdfs/HWK3-solutions.pdf Graphic file (type pdf)
<use pdfs/HWK3-solutions.pdf, page 1>
Package pdftex.def Info: pdfs/HWK3-solutions.pdf , page1 used on input line 1779.
(pdftex.def)             Requested size: 614.29349pt x 794.96806pt.
File: pdfs/HWK3-solutions.pdf Graphic file (type pdf)
<use pdfs/HWK3-solutions.pdf, page 1>
Package pdftex.def Info: pdfs/HWK3-solutions.pdf , page1 used on input line 1779.
(pdftex.def)             Requested size: 614.58406pt x 795.3441pt.
 [25]
File: pdfs/HWK3-solutions.pdf Graphic file (type pdf)
<use pdfs/HWK3-solutions.pdf, page 1>
Package pdftex.def Info: pdfs/HWK3-solutions.pdf , page1 used on input line 1779.
(pdftex.def)             Requested size: 614.58406pt x 795.3441pt.
File: pdfs/HWK3-solutions.pdf Graphic file (type pdf)
<use pdfs/HWK3-solutions.pdf, page 1>
Package pdftex.def Info: pdfs/HWK3-solutions.pdf , page1 used on input line 1779.
(pdftex.def)             Requested size: 614.58406pt x 795.3441pt.
File: pdfs/HWK3-solutions.pdf Graphic file (type pdf)
<use pdfs/HWK3-solutions.pdf, page 1>
Package pdftex.def Info: pdfs/HWK3-solutions.pdf , page1 used on input line 1779.
(pdftex.def)             Requested size: 614.58406pt x 795.3441pt.
 [26

 <./pdfs/HWK3-solutions.pdf>]
<pdfs/HWK3-solutions.pdf, id=787, page=2, 614.295pt x 794.97pt>
File: pdfs/HWK3-solutions.pdf Graphic file (type pdf)
<use pdfs/HWK3-solutions.pdf, page 2>
Package pdftex.def Info: pdfs/HWK3-solutions.pdf , page2 used on input line 1779.
(pdftex.def)             Requested size: 614.58406pt x 795.3441pt.
File: pdfs/HWK3-solutions.pdf Graphic file (type pdf)
<use pdfs/HWK3-solutions.pdf, page 2>
Package pdftex.def Info: pdfs/HWK3-solutions.pdf , page2 used on input line 1779.
(pdftex.def)             Requested size: 614.58406pt x 795.3441pt.
File: pdfs/HWK3-solutions.pdf Graphic file (type pdf)
<use pdfs/HWK3-solutions.pdf, page 2>
Package pdftex.def Info: pdfs/HWK3-solutions.pdf , page2 used on input line 1779.
(pdftex.def)             Requested size: 614.58406pt x 795.3441pt.
 [27

 <./pdfs/HWK3-solutions.pdf>]
<pdfs/HWK3-solutions.pdf, id=804, page=3, 614.295pt x 794.97pt>
File: pdfs/HWK3-solutions.pdf Graphic file (type pdf)
<use pdfs/HWK3-solutions.pdf, page 3>
Package pdftex.def Info: pdfs/HWK3-solutions.pdf , page3 used on input line 1779.
(pdftex.def)             Requested size: 614.58406pt x 795.3441pt.
File: pdfs/HWK3-solutions.pdf Graphic file (type pdf)
<use pdfs/HWK3-solutions.pdf, page 3>
Package pdftex.def Info: pdfs/HWK3-solutions.pdf , page3 used on input line 1779.
(pdftex.def)             Requested size: 614.58406pt x 795.3441pt.
File: pdfs/HWK3-solutions.pdf Graphic file (type pdf)
<use pdfs/HWK3-solutions.pdf, page 3>
Package pdftex.def Info: pdfs/HWK3-solutions.pdf , page3 used on input line 1779.
(pdftex.def)             Requested size: 614.58406pt x 795.3441pt.
 [28

 <./pdfs/HWK3-solutions.pdf>]
<pdfs/HWK3-solutions.pdf, id=815, page=4, 614.295pt x 794.97pt>
File: pdfs/HWK3-solutions.pdf Graphic file (type pdf)
<use pdfs/HWK3-solutions.pdf, page 4>
Package pdftex.def Info: pdfs/HWK3-solutions.pdf , page4 used on input line 1779.
(pdftex.def)             Requested size: 614.58406pt x 795.3441pt.
File: pdfs/HWK3-solutions.pdf Graphic file (type pdf)
<use pdfs/HWK3-solutions.pdf, page 4>
Package pdftex.def Info: pdfs/HWK3-solutions.pdf , page4 used on input line 1779.
(pdftex.def)             Requested size: 614.58406pt x 795.3441pt.
File: pdfs/HWK3-solutions.pdf Graphic file (type pdf)
<use pdfs/HWK3-solutions.pdf, page 4>
Package pdftex.def Info: pdfs/HWK3-solutions.pdf , page4 used on input line 1779.
(pdftex.def)             Requested size: 614.58406pt x 795.3441pt.
 [29

 <./pdfs/HWK3-solutions.pdf>]
<pdfs/HWK3-solutions.pdf, id=826, page=5, 614.295pt x 794.97pt>
File: pdfs/HWK3-solutions.pdf Graphic file (type pdf)
<use pdfs/HWK3-solutions.pdf, page 5>
Package pdftex.def Info: pdfs/HWK3-solutions.pdf , page5 used on input line 1779.
(pdftex.def)             Requested size: 614.58406pt x 795.3441pt.
File: pdfs/HWK3-solutions.pdf Graphic file (type pdf)
<use pdfs/HWK3-solutions.pdf, page 5>
Package pdftex.def Info: pdfs/HWK3-solutions.pdf , page5 used on input line 1779.
(pdftex.def)             Requested size: 614.58406pt x 795.3441pt.
File: pdfs/HWK3-solutions.pdf Graphic file (type pdf)
<use pdfs/HWK3-solutions.pdf, page 5>
Package pdftex.def Info: pdfs/HWK3-solutions.pdf , page5 used on input line 1779.
(pdftex.def)             Requested size: 614.58406pt x 795.3441pt.
 [30

 <./pdfs/HWK3-solutions.pdf>]
<pdfs/HWK3-solutions.pdf, id=832, page=6, 614.295pt x 794.97pt>
File: pdfs/HWK3-solutions.pdf Graphic file (type pdf)
<use pdfs/HWK3-solutions.pdf, page 6>
Package pdftex.def Info: pdfs/HWK3-solutions.pdf , page6 used on input line 1779.
(pdftex.def)             Requested size: 614.58406pt x 795.3441pt.
File: pdfs/HWK3-solutions.pdf Graphic file (type pdf)
<use pdfs/HWK3-solutions.pdf, page 6>
Package pdftex.def Info: pdfs/HWK3-solutions.pdf , page6 used on input line 1779.
(pdftex.def)             Requested size: 614.58406pt x 795.3441pt.
File: pdfs/HWK3-solutions.pdf Graphic file (type pdf)
<use pdfs/HWK3-solutions.pdf, page 6>
Package pdftex.def Info: pdfs/HWK3-solutions.pdf , page6 used on input line 1779.
(pdftex.def)             Requested size: 614.58406pt x 795.3441pt.
 [31

 <./pdfs/HWK3-solutions.pdf>]
<pdfs/HWK3-solutions.pdf, id=837, page=7, 614.295pt x 794.97pt>
File: pdfs/HWK3-solutions.pdf Graphic file (type pdf)
<use pdfs/HWK3-solutions.pdf, page 7>
Package pdftex.def Info: pdfs/HWK3-solutions.pdf , page7 used on input line 1779.
(pdftex.def)             Requested size: 614.58406pt x 795.3441pt.
File: pdfs/HWK3-solutions.pdf Graphic file (type pdf)
<use pdfs/HWK3-solutions.pdf, page 7>
Package pdftex.def Info: pdfs/HWK3-solutions.pdf , page7 used on input line 1779.
(pdftex.def)             Requested size: 614.58406pt x 795.3441pt.
File: pdfs/HWK3-solutions.pdf Graphic file (type pdf)
<use pdfs/HWK3-solutions.pdf, page 7>
Package pdftex.def Info: pdfs/HWK3-solutions.pdf , page7 used on input line 1779.
(pdftex.def)             Requested size: 614.58406pt x 795.3441pt.
 [32

 <./pdfs/HWK3-solutions.pdf>]
<pdfs/HWK3-solutions.pdf, id=842, page=8, 614.295pt x 794.97pt>
File: pdfs/HWK3-solutions.pdf Graphic file (type pdf)
<use pdfs/HWK3-solutions.pdf, page 8>
Package pdftex.def Info: pdfs/HWK3-solutions.pdf , page8 used on input line 1779.
(pdftex.def)             Requested size: 614.58406pt x 795.3441pt.
File: pdfs/HWK3-solutions.pdf Graphic file (type pdf)
<use pdfs/HWK3-solutions.pdf, page 8>
Package pdftex.def Info: pdfs/HWK3-solutions.pdf , page8 used on input line 1779.
(pdftex.def)             Requested size: 614.58406pt x 795.3441pt.
File: pdfs/HWK3-solutions.pdf Graphic file (type pdf)
<use pdfs/HWK3-solutions.pdf, page 8>
Package pdftex.def Info: pdfs/HWK3-solutions.pdf , page8 used on input line 1779.
(pdftex.def)             Requested size: 614.58406pt x 795.3441pt.
 [33

 <./pdfs/HWK3-solutions.pdf>]
<pdfs/HWK3-solutions.pdf, id=847, page=9, 614.295pt x 794.97pt>
File: pdfs/HWK3-solutions.pdf Graphic file (type pdf)
<use pdfs/HWK3-solutions.pdf, page 9>
Package pdftex.def Info: pdfs/HWK3-solutions.pdf , page9 used on input line 1779.
(pdftex.def)             Requested size: 614.58406pt x 795.3441pt.
File: pdfs/HWK3-solutions.pdf Graphic file (type pdf)
<use pdfs/HWK3-solutions.pdf, page 9>
Package pdftex.def Info: pdfs/HWK3-solutions.pdf , page9 used on input line 1779.
(pdftex.def)             Requested size: 614.58406pt x 795.3441pt.
File: pdfs/HWK3-solutions.pdf Graphic file (type pdf)
<use pdfs/HWK3-solutions.pdf, page 9>
Package pdftex.def Info: pdfs/HWK3-solutions.pdf , page9 used on input line 1779.
(pdftex.def)             Requested size: 614.58406pt x 795.3441pt.
 [34

 <./pdfs/HWK3-solutions.pdf>]
<pdfs/HWK3-solutions.pdf, id=852, page=10, 614.295pt x 794.97pt>
File: pdfs/HWK3-solutions.pdf Graphic file (type pdf)
<use pdfs/HWK3-solutions.pdf, page 10>
Package pdftex.def Info: pdfs/HWK3-solutions.pdf , page10 used on input line 1779.
(pdftex.def)             Requested size: 614.58406pt x 795.3441pt.
File: pdfs/HWK3-solutions.pdf Graphic file (type pdf)
<use pdfs/HWK3-solutions.pdf, page 10>
Package pdftex.def Info: pdfs/HWK3-solutions.pdf , page10 used on input line 1779.
(pdftex.def)             Requested size: 614.58406pt x 795.3441pt.
File: pdfs/HWK3-solutions.pdf Graphic file (type pdf)
<use pdfs/HWK3-solutions.pdf, page 10>
Package pdftex.def Info: pdfs/HWK3-solutions.pdf , page10 used on input line 1779.
(pdftex.def)             Requested size: 614.58406pt x 795.3441pt.
 [35

 <./pdfs/HWK3-solutions.pdf>]
<pdfs/HWK3-solutions.pdf, id=857, page=11, 614.295pt x 794.97pt>
File: pdfs/HWK3-solutions.pdf Graphic file (type pdf)
<use pdfs/HWK3-solutions.pdf, page 11>
Package pdftex.def Info: pdfs/HWK3-solutions.pdf , page11 used on input line 1779.
(pdftex.def)             Requested size: 614.58406pt x 795.3441pt.
File: pdfs/HWK3-solutions.pdf Graphic file (type pdf)
<use pdfs/HWK3-solutions.pdf, page 11>
Package pdftex.def Info: pdfs/HWK3-solutions.pdf , page11 used on input line 1779.
(pdftex.def)             Requested size: 614.58406pt x 795.3441pt.
File: pdfs/HWK3-solutions.pdf Graphic file (type pdf)
<use pdfs/HWK3-solutions.pdf, page 11>
Package pdftex.def Info: pdfs/HWK3-solutions.pdf , page11 used on input line 1779.
(pdftex.def)             Requested size: 614.58406pt x 795.3441pt.
 [36

 <./pdfs/HWK3-solutions.pdf>]
<pdfs/HWK3-solutions.pdf, id=863, page=12, 614.295pt x 794.97pt>
File: pdfs/HWK3-solutions.pdf Graphic file (type pdf)
<use pdfs/HWK3-solutions.pdf, page 12>
Package pdftex.def Info: pdfs/HWK3-solutions.pdf , page12 used on input line 1779.
(pdftex.def)             Requested size: 614.58406pt x 795.3441pt.
File: pdfs/HWK3-solutions.pdf Graphic file (type pdf)
<use pdfs/HWK3-solutions.pdf, page 12>
Package pdftex.def Info: pdfs/HWK3-solutions.pdf , page12 used on input line 1779.
(pdftex.def)             Requested size: 614.58406pt x 795.3441pt.
File: pdfs/HWK3-solutions.pdf Graphic file (type pdf)
<use pdfs/HWK3-solutions.pdf, page 12>
Package pdftex.def Info: pdfs/HWK3-solutions.pdf , page12 used on input line 1779.
(pdftex.def)             Requested size: 614.58406pt x 795.3441pt.
 [37

 <./pdfs/HWK3-solutions.pdf>]
<pdfs/HWK3-solutions.pdf, id=874, page=13, 614.295pt x 794.97pt>
File: pdfs/HWK3-solutions.pdf Graphic file (type pdf)
<use pdfs/HWK3-solutions.pdf, page 13>
Package pdftex.def Info: pdfs/HWK3-solutions.pdf , page13 used on input line 1779.
(pdftex.def)             Requested size: 614.58406pt x 795.3441pt.
File: pdfs/HWK3-solutions.pdf Graphic file (type pdf)
<use pdfs/HWK3-solutions.pdf, page 13>
Package pdftex.def Info: pdfs/HWK3-solutions.pdf , page13 used on input line 1779.
(pdftex.def)             Requested size: 614.58406pt x 795.3441pt.
File: pdfs/HWK3-solutions.pdf Graphic file (type pdf)
<use pdfs/HWK3-solutions.pdf, page 13>
Package pdftex.def Info: pdfs/HWK3-solutions.pdf , page13 used on input line 1779.
(pdftex.def)             Requested size: 614.58406pt x 795.3441pt.
 [38

 <./pdfs/HWK3-solutions.pdf>] [39] [40] [41] [42] [43{/usr/share/texmf-dist/fonts/enc/dvips/cm-super/cm-super-ts1.enc}]
<pdfs/midterm_2-MATH416-solutions.pdf, id=959, 614.295pt x 794.97pt>
File: pdfs/midterm_2-MATH416-solutions.pdf Graphic file (type pdf)
<use pdfs/midterm_2-MATH416-solutions.pdf>
Package pdftex.def Info: pdfs/midterm_2-MATH416-solutions.pdf  used on input line 2206.
(pdftex.def)             Requested size: 614.29349pt x 794.96806pt.
<pdfs/midterm_2-MATH416-solutions.pdf, id=961, page=1, 614.295pt x 794.97pt>
File: pdfs/midterm_2-MATH416-solutions.pdf Graphic file (type pdf)
<use pdfs/midterm_2-MATH416-solutions.pdf, page 1>
Package pdftex.def Info: pdfs/midterm_2-MATH416-solutions.pdf , page1 used on input line 2206.
(pdftex.def)             Requested size: 614.29349pt x 794.96806pt.
File: pdfs/midterm_2-MATH416-solutions.pdf Graphic file (type pdf)
<use pdfs/midterm_2-MATH416-solutions.pdf, page 1>
Package pdftex.def Info: pdfs/midterm_2-MATH416-solutions.pdf , page1 used on input line 2206.
(pdftex.def)             Requested size: 614.58406pt x 795.3441pt.
 [44]
File: pdfs/midterm_2-MATH416-solutions.pdf Graphic file (type pdf)
<use pdfs/midterm_2-MATH416-solutions.pdf, page 1>
Package pdftex.def Info: pdfs/midterm_2-MATH416-solutions.pdf , page1 used on input line 2206.
(pdftex.def)             Requested size: 614.58406pt x 795.3441pt.
File: pdfs/midterm_2-MATH416-solutions.pdf Graphic file (type pdf)
<use pdfs/midterm_2-MATH416-solutions.pdf, page 1>
Package pdftex.def Info: pdfs/midterm_2-MATH416-solutions.pdf , page1 used on input line 2206.
(pdftex.def)             Requested size: 614.58406pt x 795.3441pt.
File: pdfs/midterm_2-MATH416-solutions.pdf Graphic file (type pdf)
<use pdfs/midterm_2-MATH416-solutions.pdf, page 1>
Package pdftex.def Info: pdfs/midterm_2-MATH416-solutions.pdf , page1 used on input line 2206.
(pdftex.def)             Requested size: 614.58406pt x 795.3441pt.
 [45

 <./pdfs/midterm_2-MATH416-solutions.pdf>]
<pdfs/midterm_2-MATH416-solutions.pdf, id=1027, page=2, 614.295pt x 794.97pt>
File: pdfs/midterm_2-MATH416-solutions.pdf Graphic file (type pdf)
<use pdfs/midterm_2-MATH416-solutions.pdf, page 2>
Package pdftex.def Info: pdfs/midterm_2-MATH416-solutions.pdf , page2 used on input line 2206.
(pdftex.def)             Requested size: 614.58406pt x 795.3441pt.
File: pdfs/midterm_2-MATH416-solutions.pdf Graphic file (type pdf)
<use pdfs/midterm_2-MATH416-solutions.pdf, page 2>
Package pdftex.def Info: pdfs/midterm_2-MATH416-solutions.pdf , page2 used on input line 2206.
(pdftex.def)             Requested size: 614.58406pt x 795.3441pt.
File: pdfs/midterm_2-MATH416-solutions.pdf Graphic file (type pdf)
<use pdfs/midterm_2-MATH416-solutions.pdf, page 2>
Package pdftex.def Info: pdfs/midterm_2-MATH416-solutions.pdf , page2 used on input line 2206.
(pdftex.def)             Requested size: 614.58406pt x 795.3441pt.
 [46

 <./pdfs/midterm_2-MATH416-solutions.pdf>]
<pdfs/midterm_2-MATH416-solutions.pdf, id=1042, page=3, 614.295pt x 794.97pt>
File: pdfs/midterm_2-MATH416-solutions.pdf Graphic file (type pdf)
<use pdfs/midterm_2-MATH416-solutions.pdf, page 3>
Package pdftex.def Info: pdfs/midterm_2-MATH416-solutions.pdf , page3 used on input line 2206.
(pdftex.def)             Requested size: 614.58406pt x 795.3441pt.
File: pdfs/midterm_2-MATH416-solutions.pdf Graphic file (type pdf)
<use pdfs/midterm_2-MATH416-solutions.pdf, page 3>
Package pdftex.def Info: pdfs/midterm_2-MATH416-solutions.pdf , page3 used on input line 2206.
(pdftex.def)             Requested size: 614.58406pt x 795.3441pt.
File: pdfs/midterm_2-MATH416-solutions.pdf Graphic file (type pdf)
<use pdfs/midterm_2-MATH416-solutions.pdf, page 3>
Package pdftex.def Info: pdfs/midterm_2-MATH416-solutions.pdf , page3 used on input line 2206.
(pdftex.def)             Requested size: 614.58406pt x 795.3441pt.
 [47

 <./pdfs/midterm_2-MATH416-solutions.pdf>]
<pdfs/midterm_2-MATH416-solutions.pdf, id=1051, page=4, 614.295pt x 794.97pt>
File: pdfs/midterm_2-MATH416-solutions.pdf Graphic file (type pdf)
<use pdfs/midterm_2-MATH416-solutions.pdf, page 4>
Package pdftex.def Info: pdfs/midterm_2-MATH416-solutions.pdf , page4 used on input line 2206.
(pdftex.def)             Requested size: 614.58406pt x 795.3441pt.
File: pdfs/midterm_2-MATH416-solutions.pdf Graphic file (type pdf)
<use pdfs/midterm_2-MATH416-solutions.pdf, page 4>
Package pdftex.def Info: pdfs/midterm_2-MATH416-solutions.pdf , page4 used on input line 2206.
(pdftex.def)             Requested size: 614.58406pt x 795.3441pt.
File: pdfs/midterm_2-MATH416-solutions.pdf Graphic file (type pdf)
<use pdfs/midterm_2-MATH416-solutions.pdf, page 4>
Package pdftex.def Info: pdfs/midterm_2-MATH416-solutions.pdf , page4 used on input line 2206.
(pdftex.def)             Requested size: 614.58406pt x 795.3441pt.
 [48

 <./pdfs/midterm_2-MATH416-solutions.pdf>]
<pdfs/midterm_2-MATH416-solutions.pdf, id=1057, page=5, 614.295pt x 794.97pt>
File: pdfs/midterm_2-MATH416-solutions.pdf Graphic file (type pdf)
<use pdfs/midterm_2-MATH416-solutions.pdf, page 5>
Package pdftex.def Info: pdfs/midterm_2-MATH416-solutions.pdf , page5 used on input line 2206.
(pdftex.def)             Requested size: 614.58406pt x 795.3441pt.
File: pdfs/midterm_2-MATH416-solutions.pdf Graphic file (type pdf)
<use pdfs/midterm_2-MATH416-solutions.pdf, page 5>
Package pdftex.def Info: pdfs/midterm_2-MATH416-solutions.pdf , page5 used on input line 2206.
(pdftex.def)             Requested size: 614.58406pt x 795.3441pt.
File: pdfs/midterm_2-MATH416-solutions.pdf Graphic file (type pdf)
<use pdfs/midterm_2-MATH416-solutions.pdf, page 5>
Package pdftex.def Info: pdfs/midterm_2-MATH416-solutions.pdf , page5 used on input line 2206.
(pdftex.def)             Requested size: 614.58406pt x 795.3441pt.
 [49

 <./pdfs/midterm_2-MATH416-solutions.pdf>]
<pdfs/midterm_2-MATH416-solutions.pdf, id=1062, page=6, 614.295pt x 794.97pt>
File: pdfs/midterm_2-MATH416-solutions.pdf Graphic file (type pdf)
<use pdfs/midterm_2-MATH416-solutions.pdf, page 6>
Package pdftex.def Info: pdfs/midterm_2-MATH416-solutions.pdf , page6 used on input line 2206.
(pdftex.def)             Requested size: 614.58406pt x 795.3441pt.
File: pdfs/midterm_2-MATH416-solutions.pdf Graphic file (type pdf)
<use pdfs/midterm_2-MATH416-solutions.pdf, page 6>
Package pdftex.def Info: pdfs/midterm_2-MATH416-solutions.pdf , page6 used on input line 2206.
(pdftex.def)             Requested size: 614.58406pt x 795.3441pt.
File: pdfs/midterm_2-MATH416-solutions.pdf Graphic file (type pdf)
<use pdfs/midterm_2-MATH416-solutions.pdf, page 6>
Package pdftex.def Info: pdfs/midterm_2-MATH416-solutions.pdf , page6 used on input line 2206.
(pdftex.def)             Requested size: 614.58406pt x 795.3441pt.
 [50

 <./pdfs/midterm_2-MATH416-solutions.pdf>]
<pdfs/midterm_2-MATH416-solutions.pdf, id=1067, page=7, 614.295pt x 794.97pt>
File: pdfs/midterm_2-MATH416-solutions.pdf Graphic file (type pdf)
<use pdfs/midterm_2-MATH416-solutions.pdf, page 7>
Package pdftex.def Info: pdfs/midterm_2-MATH416-solutions.pdf , page7 used on input line 2206.
(pdftex.def)             Requested size: 614.58406pt x 795.3441pt.
File: pdfs/midterm_2-MATH416-solutions.pdf Graphic file (type pdf)
<use pdfs/midterm_2-MATH416-solutions.pdf, page 7>
Package pdftex.def Info: pdfs/midterm_2-MATH416-solutions.pdf , page7 used on input line 2206.
(pdftex.def)             Requested size: 614.58406pt x 795.3441pt.
File: pdfs/midterm_2-MATH416-solutions.pdf Graphic file (type pdf)
<use pdfs/midterm_2-MATH416-solutions.pdf, page 7>
Package pdftex.def Info: pdfs/midterm_2-MATH416-solutions.pdf , page7 used on input line 2206.
(pdftex.def)             Requested size: 614.58406pt x 795.3441pt.
 [51

 <./pdfs/midterm_2-MATH416-solutions.pdf>]
<pdfs/midterm_2-MATH416-solutions.pdf, id=1072, page=8, 614.295pt x 794.97pt>
File: pdfs/midterm_2-MATH416-solutions.pdf Graphic file (type pdf)
<use pdfs/midterm_2-MATH416-solutions.pdf, page 8>
Package pdftex.def Info: pdfs/midterm_2-MATH416-solutions.pdf , page8 used on input line 2206.
(pdftex.def)             Requested size: 614.58406pt x 795.3441pt.
File: pdfs/midterm_2-MATH416-solutions.pdf Graphic file (type pdf)
<use pdfs/midterm_2-MATH416-solutions.pdf, page 8>
Package pdftex.def Info: pdfs/midterm_2-MATH416-solutions.pdf , page8 used on input line 2206.
(pdftex.def)             Requested size: 614.58406pt x 795.3441pt.
File: pdfs/midterm_2-MATH416-solutions.pdf Graphic file (type pdf)
<use pdfs/midterm_2-MATH416-solutions.pdf, page 8>
Package pdftex.def Info: pdfs/midterm_2-MATH416-solutions.pdf , page8 used on input line 2206.
(pdftex.def)             Requested size: 614.58406pt x 795.3441pt.
 [52

 <./pdfs/midterm_2-MATH416-solutions.pdf>]
<pdfs/midterm_2-MATH416-solutions.pdf, id=1085, page=9, 614.295pt x 794.97pt>
File: pdfs/midterm_2-MATH416-solutions.pdf Graphic file (type pdf)
<use pdfs/midterm_2-MATH416-solutions.pdf, page 9>
Package pdftex.def Info: pdfs/midterm_2-MATH416-solutions.pdf , page9 used on input line 2206.
(pdftex.def)             Requested size: 614.58406pt x 795.3441pt.
File: pdfs/midterm_2-MATH416-solutions.pdf Graphic file (type pdf)
<use pdfs/midterm_2-MATH416-solutions.pdf, page 9>
Package pdftex.def Info: pdfs/midterm_2-MATH416-solutions.pdf , page9 used on input line 2206.
(pdftex.def)             Requested size: 614.58406pt x 795.3441pt.
File: pdfs/midterm_2-MATH416-solutions.pdf Graphic file (type pdf)
<use pdfs/midterm_2-MATH416-solutions.pdf, page 9>
Package pdftex.def Info: pdfs/midterm_2-MATH416-solutions.pdf , page9 used on input line 2206.
(pdftex.def)             Requested size: 614.58406pt x 795.3441pt.
 [53

 <./pdfs/midterm_2-MATH416-solutions.pdf>] [54]
<pdfs/midterm_1-MATH416-solutions.pdf, id=1119, 614.295pt x 794.97pt>
File: pdfs/midterm_1-MATH416-solutions.pdf Graphic file (type pdf)
<use pdfs/midterm_1-MATH416-solutions.pdf>
Package pdftex.def Info: pdfs/midterm_1-MATH416-solutions.pdf  used on input line 2273.
(pdftex.def)             Requested size: 614.29349pt x 794.96806pt.
<pdfs/midterm_1-MATH416-solutions.pdf, id=1121, page=1, 614.295pt x 794.97pt>
File: pdfs/midterm_1-MATH416-solutions.pdf Graphic file (type pdf)
<use pdfs/midterm_1-MATH416-solutions.pdf, page 1>
Package pdftex.def Info: pdfs/midterm_1-MATH416-solutions.pdf , page1 used on input line 2273.
(pdftex.def)             Requested size: 614.29349pt x 794.96806pt.
File: pdfs/midterm_1-MATH416-solutions.pdf Graphic file (type pdf)
<use pdfs/midterm_1-MATH416-solutions.pdf, page 1>
Package pdftex.def Info: pdfs/midterm_1-MATH416-solutions.pdf , page1 used on input line 2273.
(pdftex.def)             Requested size: 614.58406pt x 795.3441pt.
 [55]
File: pdfs/midterm_1-MATH416-solutions.pdf Graphic file (type pdf)
<use pdfs/midterm_1-MATH416-solutions.pdf, page 1>
Package pdftex.def Info: pdfs/midterm_1-MATH416-solutions.pdf , page1 used on input line 2273.
(pdftex.def)             Requested size: 614.58406pt x 795.3441pt.
File: pdfs/midterm_1-MATH416-solutions.pdf Graphic file (type pdf)
<use pdfs/midterm_1-MATH416-solutions.pdf, page 1>
Package pdftex.def Info: pdfs/midterm_1-MATH416-solutions.pdf , page1 used on input line 2273.
(pdftex.def)             Requested size: 614.58406pt x 795.3441pt.
File: pdfs/midterm_1-MATH416-solutions.pdf Graphic file (type pdf)
<use pdfs/midterm_1-MATH416-solutions.pdf, page 1>
Package pdftex.def Info: pdfs/midterm_1-MATH416-solutions.pdf , page1 used on input line 2273.
(pdftex.def)             Requested size: 614.58406pt x 795.3441pt.
 [56

 <./pdfs/midterm_1-MATH416-solutions.pdf>]
<pdfs/midterm_1-MATH416-solutions.pdf, id=1167, page=2, 614.295pt x 794.97pt>
File: pdfs/midterm_1-MATH416-solutions.pdf Graphic file (type pdf)
<use pdfs/midterm_1-MATH416-solutions.pdf, page 2>
Package pdftex.def Info: pdfs/midterm_1-MATH416-solutions.pdf , page2 used on input line 2273.
(pdftex.def)             Requested size: 614.58406pt x 795.3441pt.
File: pdfs/midterm_1-MATH416-solutions.pdf Graphic file (type pdf)
<use pdfs/midterm_1-MATH416-solutions.pdf, page 2>
Package pdftex.def Info: pdfs/midterm_1-MATH416-solutions.pdf , page2 used on input line 2273.
(pdftex.def)             Requested size: 614.58406pt x 795.3441pt.
File: pdfs/midterm_1-MATH416-solutions.pdf Graphic file (type pdf)
<use pdfs/midterm_1-MATH416-solutions.pdf, page 2>
Package pdftex.def Info: pdfs/midterm_1-MATH416-solutions.pdf , page2 used on input line 2273.
(pdftex.def)             Requested size: 614.58406pt x 795.3441pt.
 [57

 <./pdfs/midterm_1-MATH416-solutions.pdf>]
<pdfs/midterm_1-MATH416-solutions.pdf, id=1188, page=3, 614.295pt x 794.97pt>
File: pdfs/midterm_1-MATH416-solutions.pdf Graphic file (type pdf)
<use pdfs/midterm_1-MATH416-solutions.pdf, page 3>
Package pdftex.def Info: pdfs/midterm_1-MATH416-solutions.pdf , page3 used on input line 2273.
(pdftex.def)             Requested size: 614.58406pt x 795.3441pt.
File: pdfs/midterm_1-MATH416-solutions.pdf Graphic file (type pdf)
<use pdfs/midterm_1-MATH416-solutions.pdf, page 3>
Package pdftex.def Info: pdfs/midterm_1-MATH416-solutions.pdf , page3 used on input line 2273.
(pdftex.def)             Requested size: 614.58406pt x 795.3441pt.
File: pdfs/midterm_1-MATH416-solutions.pdf Graphic file (type pdf)
<use pdfs/midterm_1-MATH416-solutions.pdf, page 3>
Package pdftex.def Info: pdfs/midterm_1-MATH416-solutions.pdf , page3 used on input line 2273.
(pdftex.def)             Requested size: 614.58406pt x 795.3441pt.
 [58

 <./pdfs/midterm_1-MATH416-solutions.pdf>]
<pdfs/midterm_1-MATH416-solutions.pdf, id=1193, page=4, 614.295pt x 794.97pt>
File: pdfs/midterm_1-MATH416-solutions.pdf Graphic file (type pdf)
<use pdfs/midterm_1-MATH416-solutions.pdf, page 4>
Package pdftex.def Info: pdfs/midterm_1-MATH416-solutions.pdf , page4 used on input line 2273.
(pdftex.def)             Requested size: 614.58406pt x 795.3441pt.
File: pdfs/midterm_1-MATH416-solutions.pdf Graphic file (type pdf)
<use pdfs/midterm_1-MATH416-solutions.pdf, page 4>
Package pdftex.def Info: pdfs/midterm_1-MATH416-solutions.pdf , page4 used on input line 2273.
(pdftex.def)             Requested size: 614.58406pt x 795.3441pt.
File: pdfs/midterm_1-MATH416-solutions.pdf Graphic file (type pdf)
<use pdfs/midterm_1-MATH416-solutions.pdf, page 4>
Package pdftex.def Info: pdfs/midterm_1-MATH416-solutions.pdf , page4 used on input line 2273.
(pdftex.def)             Requested size: 614.58406pt x 795.3441pt.
 [59

 <./pdfs/midterm_1-MATH416-solutions.pdf>]
<pdfs/midterm_1-MATH416-solutions.pdf, id=1202, page=5, 614.295pt x 794.97pt>
File: pdfs/midterm_1-MATH416-solutions.pdf Graphic file (type pdf)
<use pdfs/midterm_1-MATH416-solutions.pdf, page 5>
Package pdftex.def Info: pdfs/midterm_1-MATH416-solutions.pdf , page5 used on input line 2273.
(pdftex.def)             Requested size: 614.58406pt x 795.3441pt.
File: pdfs/midterm_1-MATH416-solutions.pdf Graphic file (type pdf)
<use pdfs/midterm_1-MATH416-solutions.pdf, page 5>
Package pdftex.def Info: pdfs/midterm_1-MATH416-solutions.pdf , page5 used on input line 2273.
(pdftex.def)             Requested size: 614.58406pt x 795.3441pt.
File: pdfs/midterm_1-MATH416-solutions.pdf Graphic file (type pdf)
<use pdfs/midterm_1-MATH416-solutions.pdf, page 5>
Package pdftex.def Info: pdfs/midterm_1-MATH416-solutions.pdf , page5 used on input line 2273.
(pdftex.def)             Requested size: 614.58406pt x 795.3441pt.
 [60

 <./pdfs/midterm_1-MATH416-solutions.pdf>]
<pdfs/midterm_1-MATH416-solutions.pdf, id=1208, page=6, 614.295pt x 794.97pt>
File: pdfs/midterm_1-MATH416-solutions.pdf Graphic file (type pdf)
<use pdfs/midterm_1-MATH416-solutions.pdf, page 6>
Package pdftex.def Info: pdfs/midterm_1-MATH416-solutions.pdf , page6 used on input line 2273.
(pdftex.def)             Requested size: 614.58406pt x 795.3441pt.
File: pdfs/midterm_1-MATH416-solutions.pdf Graphic file (type pdf)
<use pdfs/midterm_1-MATH416-solutions.pdf, page 6>
Package pdftex.def Info: pdfs/midterm_1-MATH416-solutions.pdf , page6 used on input line 2273.
(pdftex.def)             Requested size: 614.58406pt x 795.3441pt.
File: pdfs/midterm_1-MATH416-solutions.pdf Graphic file (type pdf)
<use pdfs/midterm_1-MATH416-solutions.pdf, page 6>
Package pdftex.def Info: pdfs/midterm_1-MATH416-solutions.pdf , page6 used on input line 2273.
(pdftex.def)             Requested size: 614.58406pt x 795.3441pt.
 [61

 <./pdfs/midterm_1-MATH416-solutions.pdf>]
<pdfs/midterm_1-MATH416-solutions.pdf, id=1213, page=7, 614.295pt x 794.97pt>
File: pdfs/midterm_1-MATH416-solutions.pdf Graphic file (type pdf)
<use pdfs/midterm_1-MATH416-solutions.pdf, page 7>
Package pdftex.def Info: pdfs/midterm_1-MATH416-solutions.pdf , page7 used on input line 2273.
(pdftex.def)             Requested size: 614.58406pt x 795.3441pt.
File: pdfs/midterm_1-MATH416-solutions.pdf Graphic file (type pdf)
<use pdfs/midterm_1-MATH416-solutions.pdf, page 7>
Package pdftex.def Info: pdfs/midterm_1-MATH416-solutions.pdf , page7 used on input line 2273.
(pdftex.def)             Requested size: 614.58406pt x 795.3441pt.
File: pdfs/midterm_1-MATH416-solutions.pdf Graphic file (type pdf)
<use pdfs/midterm_1-MATH416-solutions.pdf, page 7>
Package pdftex.def Info: pdfs/midterm_1-MATH416-solutions.pdf , page7 used on input line 2273.
(pdftex.def)             Requested size: 614.58406pt x 795.3441pt.
 [62

 <./pdfs/midterm_1-MATH416-solutions.pdf>] (./main.aux)
 ***********
LaTeX2e <2025-11-01>
L3 programming layer <2026-01-19>
 ***********


LaTeX Font Warning: Size substitutions with differences
(Font)              up to 3.25pt have occurred.

Package rerunfilecheck Info: File `main.out' has not changed.
(rerunfilecheck)             Checksum: 61B95A4EF2F404CCAD96449805F2613D;4019.
 ) 
Here is how much of TeX's memory you used:
 36072 strings out of 469472
 717954 string characters out of 5469747
 1200987 words of memory out of 5000000
 63305 multiletter control sequences out of 15000+600000
 657699 words of font info for 249 fonts, out of 8000000 for 9000
 36 hyphenation exceptions out of 8191
 86i,20n,104p,1782b,1022s stack positions out of 10000i,1000n,20000p,200000b,200000s
</usr/share/texmf-dist/fonts/type1/public/amsfonts/cm/cmbx10.pfb></usr/share/texmf-dist/fonts/type1/public/amsfonts/cm/cmbx12.pfb></usr/share/texmf-dist/fonts/type1/public/amsfonts/cm/cmbx8.pfb></usr/share/texmf-dist/fonts/type1/public/amsfonts/cm/cmbxti10.pfb></usr/share/texmf-dist/fonts/type1/public/amsfonts/cm/cmex10.pfb></usr/share/texmf-dist/fonts/type1/public/amsfonts/cm/cmmi10.pfb></usr/share/texmf-dist/fonts/type1/public/amsfonts/cm/cmmi12.pfb></usr/share/texmf-dist/fonts/type1/public/amsfonts/cm/cmmi5.pfb></usr/share/texmf-dist/fonts/type1/public/amsfonts/cm/cmmi6.pfb></usr/share/texmf-dist/fonts/type1/public/amsfonts/cm/cmmi7.pfb></usr/share/texmf-dist/fonts/type1/public/amsfonts/cm/cmmi8.pfb></usr/share/texmf-dist/fonts/type1/public/amsfonts/cm/cmr10.pfb></usr/share/texmf-dist/fonts/type1/public/amsfonts/cm/cmr12.pfb></usr/share/texmf-dist/fonts/type1/public/amsfonts/cm/cmr17.pfb></usr/share/texmf-dist/fonts/type1/public/amsfonts/cm/cmr5.pfb></usr/share/texmf-dist/fonts/type1/public/amsfonts/cm/cmr6.pfb></usr/share/texmf-dist/fonts/type1/public/amsfonts/cm/cmr7.pfb></usr/share/texmf-dist/fonts/type1/public/amsfonts/cm/cmr8.pfb></usr/share/texmf-dist/fonts/type1/public/amsfonts/cm/cmsy10.pfb></usr/share/texmf-dist/fonts/type1/public/amsfonts/cm/cmsy5.pfb></usr/share/texmf-dist/fonts/type1/public/amsfonts/cm/cmsy7.pfb></usr/share/texmf-dist/fonts/type1/public/amsfonts/cm/cmsy8.pfb></usr/share/texmf-dist/fonts/type1/public/amsfonts/cm/cmti10.pfb></usr/share/texmf-dist/fonts/type1/public/amsfonts/cm/cmti12.pfb></usr/share/texmf-dist/fonts/type1/public/amsfonts/euler/eufm10.pfb></usr/share/texmf-dist/fonts/type1/public/amsfonts/euler/eufm7.pfb></usr/share/texmf-dist/fonts/type1/public/amsfonts/symbols/msam10.pfb></usr/share/texmf-dist/fonts/type1/public/amsfonts/symbols/msam7.pfb></usr/share/texmf-dist/fonts/type1/public/amsfonts/symbols/msbm10.pfb></usr/share/texmf-dist/fonts/type1/public/amsfonts/symbols/msbm7.pfb></usr/share/texmf-dist/fonts/type1/public/
cm-super/sfrm1000.pfb></usr/share/texmf-dist/fonts/type1/public/cm-super/sfrm1200.pfb>
Output written on main.pdf (63 pages, 656303 bytes).
PDF statistics:
 1446 PDF objects out of 1728 (max. 8388607)
 1209 compressed objects within 13 object streams
 613 named destinations out of 1000 (max. 500000)
 61937 words of extra memory for PDF output out of 74296 (max. 10000000)

