\BOOKMARK [1][-]{section.1}{\376\377\000T\000h\000i\000n\000g\000s\000\040\000t\000o\000\040\000S\000t\000u\000d\000y}{}% 1
\BOOKMARK [1][-]{section.2}{\376\377\000F\000i\000n\000a\000l\000\040\000E\000x\000a\000m\000\040\000R\000e\000v\000i\000e\000w}{}% 2
\BOOKMARK [2][-]{subsection.2.1}{\376\377\000T\000h\000e\000o\000r\000e\000m\000s\000\040\000a\000n\000d\000\040\000P\000r\000o\000o\000f\000s\000\040\000o\000f\000\040\000T\000h\000e\000o\000r\000e\000m\000s}{section.2}% 3
\BOOKMARK [2][-]{subsection.2.2}{\376\377\000I\000m\000p\000o\000r\000t\000a\000n\000t\000\040\000D\000e\000f\000i\000n\000i\000t\000i\000o\000n\000s\000\040\000f\000o\000r\000\040\000T\000h\000e\000\040\000F\000i\000n\000a\000l\000\040\000E\000x\000a\000m}{section.2}% 4
\BOOKMARK [3][-]{subsubsection.2.2.1}{\376\377\000L\000e\000c\000t\000u\000r\000e\000\040\0001\000:\000\040\000F\000o\000u\000n\000d\000a\000t\000i\000o\000n\000s}{subsection.2.2}% 5
\BOOKMARK [3][-]{subsubsection.2.2.2}{\376\377\000L\000e\000c\000t\000u\000r\000e\000\040\0002\000:\000\040\000M\000o\000d\000u\000l\000e\000s\000\040\000a\000n\000d\000\040\000G\000r\000o\000u\000p\000\040\000A\000l\000g\000e\000b\000r\000a}{subsection.2.2}% 6
\BOOKMARK [3][-]{subsubsection.2.2.3}{\376\377\000L\000e\000c\000t\000u\000r\000e\000\040\0003\000:\000\040\000R\000e\000d\000u\000c\000i\000b\000i\000l\000i\000t\000y\000\040\000a\000n\000d\000\040\000S\000c\000h\000u\000r}{subsection.2.2}% 7
\BOOKMARK [3][-]{subsubsection.2.2.4}{\376\377\000L\000e\000c\000t\000u\000r\000e\000\040\0004\000:\000\040\000M\000a\000s\000c\000h\000k\000e\000\040\000a\000n\000d\000\040\000S\000t\000r\000u\000c\000t\000u\000r\000e}{subsection.2.2}% 8
\BOOKMARK [3][-]{subsubsection.2.2.5}{\376\377\000L\000e\000c\000t\000u\000r\000e\000\040\0005\000:\000\040\000C\000h\000a\000r\000a\000c\000t\000e\000r\000s}{subsection.2.2}% 9
\BOOKMARK [3][-]{subsubsection.2.2.6}{\376\377\000L\000e\000c\000t\000u\000r\000e\000\040\0006\000:\000\040\000O\000r\000t\000h\000o\000g\000o\000n\000a\000l\000i\000t\000y\000\040\000\050\000C\000o\000n\000c\000e\000p\000t\000u\000a\000l\000\040\000O\000n\000l\000y\000\051}{subsection.2.2}% 10
\BOOKMARK [2][-]{subsection.2.3}{\376\377\000W\000i\000l\000l\000'\000s\000\040\000A\000n\000s\000w\000e\000r\000s\000\040\000f\000o\000r\000\040\000H\000o\000m\000e\000w\000o\000r\000k\000\040\0003}{section.2}% 11
\BOOKMARK [2][-]{subsection.2.4}{\376\377\000G\000o\000n\000z\000a\000l\000e\000z\000'\000s\000\040\000A\000n\000s\000w\000e\000r\000s\000\040\000f\000o\000r\000\040\000H\000o\000m\000e\000w\000o\000r\000k\000\040\0003}{section.2}% 12
\BOOKMARK [1][-]{section.3}{\376\377\000T\000e\000s\000t\000\040\0002\000\040\000R\000e\000v\000i\000e\000w}{}% 13
\BOOKMARK [2][-]{subsection.3.1}{\376\377\000T\000h\000e\000o\000r\000e\000m\000s\000\040\000a\000n\000d\000\040\000P\000r\000o\000o\000f\000s\000\040\000o\000f\000\040\000T\000h\000e\000o\000r\000e\000m\000s}{section.3}% 14
\BOOKMARK [2][-]{subsection.3.2}{\376\377\000I\000m\000p\000o\000r\000t\000a\000n\000t\000\040\000D\000e\000f\000i\000n\000i\000t\000i\000o\000n\000s\000\040\000f\000o\000r\000\040\000T\000e\000s\000t\000\040\0002}{section.3}% 15
\BOOKMARK [2][-]{subsection.3.3}{\376\377\000A\000l\000t\000e\000r\000n\000a\000t\000i\000v\000e\000\040\000A\000n\000s\000w\000e\000r\000s\000\040\000F\000o\000r\000\040\000T\000e\000s\000t\000\040\0002}{section.3}% 16
\BOOKMARK [2][-]{subsection.3.4}{\376\377\000T\000e\000s\000t\000\040\0002\000\040\000S\000o\000l\000u\000t\000i\000o\000n\000s}{section.3}% 17
\BOOKMARK [1][-]{section.4}{\376\377\000T\000e\000s\000t\000\040\0001\000\040\000R\000e\000v\000i\000e\000w}{}% 18
\BOOKMARK [2][-]{subsection.4.1}{\376\377\000A\000l\000t\000e\000r\000n\000a\000t\000i\000v\000e\000\040\000A\000n\000s\000w\000e\000r\000s\000\040\000f\000o\000r\000\040\000T\000e\000s\000t\000\040\0001}{section.4}% 19
\BOOKMARK [2][-]{subsection.4.2}{\376\377\000T\000e\000s\000t\000\040\0001\000\040\000S\000o\000l\000u\000t\000i\000o\000n\000s}{section.4}% 20
